Archive member included to satisfy reference by file (symbol)

c:/tools/gcc-arm-none-eabi-10.3-2021.10/bin/../lib/gcc/arm-none-eabi/10.3.1/../../../../arm-none-eabi/lib/thumb/v7e-m/nofp\libc_nano.a(lib_a-exit.o)
                              c:/tools/gcc-arm-none-eabi-10.3-2021.10/bin/../lib/gcc/arm-none-eabi/10.3.1/../../../../arm-none-eabi/lib/thumb/v7e-m/nofp/crt0.o (exit)
c:/tools/gcc-arm-none-eabi-10.3-2021.10/bin/../lib/gcc/arm-none-eabi/10.3.1/../../../../arm-none-eabi/lib/thumb/v7e-m/nofp\libc_nano.a(lib_a-impure.o)
                              c:/tools/gcc-arm-none-eabi-10.3-2021.10/bin/../lib/gcc/arm-none-eabi/10.3.1/../../../../arm-none-eabi/lib/thumb/v7e-m/nofp\libc_nano.a(lib_a-exit.o) (_global_impure_ptr)
c:/tools/gcc-arm-none-eabi-10.3-2021.10/bin/../lib/gcc/arm-none-eabi/10.3.1/../../../../arm-none-eabi/lib/thumb/v7e-m/nofp\libc_nano.a(lib_a-init.o)
                              c:/tools/gcc-arm-none-eabi-10.3-2021.10/bin/../lib/gcc/arm-none-eabi/10.3.1/../../../../arm-none-eabi/lib/thumb/v7e-m/nofp/crt0.o (__libc_init_array)
c:/tools/gcc-arm-none-eabi-10.3-2021.10/bin/../lib/gcc/arm-none-eabi/10.3.1/../../../../arm-none-eabi/lib/thumb/v7e-m/nofp\libc_nano.a(lib_a-memset.o)
                              c:/tools/gcc-arm-none-eabi-10.3-2021.10/bin/../lib/gcc/arm-none-eabi/10.3.1/../../../../arm-none-eabi/lib/thumb/v7e-m/nofp/crt0.o (memset)
c:/tools/gcc-arm-none-eabi-10.3-2021.10/bin/../lib/gcc/arm-none-eabi/10.3.1/thumb/v7e-m/nofp\libgcc.a(_aeabi_uldivmod.o)
                              CMakeFiles/SpeedyBeeF405V3.elf.dir/src/Drivers/STM32F4xx_HAL_Driver/Src/stm32f4xx_hal_rcc.c.obj (__aeabi_uldivmod)
c:/tools/gcc-arm-none-eabi-10.3-2021.10/bin/../lib/gcc/arm-none-eabi/10.3.1/thumb/v7e-m/nofp\libgcc.a(_udivmoddi4.o)
                              c:/tools/gcc-arm-none-eabi-10.3-2021.10/bin/../lib/gcc/arm-none-eabi/10.3.1/thumb/v7e-m/nofp\libgcc.a(_aeabi_uldivmod.o) (__udivmoddi4)
c:/tools/gcc-arm-none-eabi-10.3-2021.10/bin/../lib/gcc/arm-none-eabi/10.3.1/thumb/v7e-m/nofp\libgcc.a(_dvmd_tls.o)
                              c:/tools/gcc-arm-none-eabi-10.3-2021.10/bin/../lib/gcc/arm-none-eabi/10.3.1/thumb/v7e-m/nofp\libgcc.a(_aeabi_uldivmod.o) (__aeabi_ldiv0)
c:/tools/gcc-arm-none-eabi-10.3-2021.10/bin/../lib/gcc/arm-none-eabi/10.3.1/../../../../arm-none-eabi/lib/thumb/v7e-m/nofp\libg_nano.a(lib_a-errno.o)
                              CMakeFiles/SpeedyBeeF405V3.elf.dir/src/Core/Src/syscalls.c.obj (__errno)

Discarded input sections

 .text          0x00000000        0x0 c:/tools/gcc-arm-none-eabi-10.3-2021.10/bin/../lib/gcc/arm-none-eabi/10.3.1/thumb/v7e-m/nofp/crti.o
 .data          0x00000000        0x0 c:/tools/gcc-arm-none-eabi-10.3-2021.10/bin/../lib/gcc/arm-none-eabi/10.3.1/thumb/v7e-m/nofp/crti.o
 .bss           0x00000000        0x0 c:/tools/gcc-arm-none-eabi-10.3-2021.10/bin/../lib/gcc/arm-none-eabi/10.3.1/thumb/v7e-m/nofp/crti.o
 .data          0x00000000        0x4 c:/tools/gcc-arm-none-eabi-10.3-2021.10/bin/../lib/gcc/arm-none-eabi/10.3.1/thumb/v7e-m/nofp/crtbegin.o
 .rodata        0x00000000       0x24 c:/tools/gcc-arm-none-eabi-10.3-2021.10/bin/../lib/gcc/arm-none-eabi/10.3.1/thumb/v7e-m/nofp/crtbegin.o
 .text          0x00000000       0x7c c:/tools/gcc-arm-none-eabi-10.3-2021.10/bin/../lib/gcc/arm-none-eabi/10.3.1/../../../../arm-none-eabi/lib/thumb/v7e-m/nofp/crt0.o
 .data          0x00000000        0x0 c:/tools/gcc-arm-none-eabi-10.3-2021.10/bin/../lib/gcc/arm-none-eabi/10.3.1/../../../../arm-none-eabi/lib/thumb/v7e-m/nofp/crt0.o
 .bss           0x00000000        0x0 c:/tools/gcc-arm-none-eabi-10.3-2021.10/bin/../lib/gcc/arm-none-eabi/10.3.1/../../../../arm-none-eabi/lib/thumb/v7e-m/nofp/crt0.o
 .ARM.extab     0x00000000        0x0 c:/tools/gcc-arm-none-eabi-10.3-2021.10/bin/../lib/gcc/arm-none-eabi/10.3.1/../../../../arm-none-eabi/lib/thumb/v7e-m/nofp/crt0.o
 .ARM.exidx     0x00000000       0x10 c:/tools/gcc-arm-none-eabi-10.3-2021.10/bin/../lib/gcc/arm-none-eabi/10.3.1/../../../../arm-none-eabi/lib/thumb/v7e-m/nofp/crt0.o
 .ARM.attributes
                0x00000000       0x1c c:/tools/gcc-arm-none-eabi-10.3-2021.10/bin/../lib/gcc/arm-none-eabi/10.3.1/../../../../arm-none-eabi/lib/thumb/v7e-m/nofp/crt0.o
 .text          0x00000000        0x0 c:/tools/gcc-arm-none-eabi-10.3-2021.10/bin/../lib/gcc/arm-none-eabi/10.3.1/../../../../arm-none-eabi/lib/thumb/v7e-m/nofp\libc_nano.a(lib_a-exit.o)
 .data          0x00000000        0x0 c:/tools/gcc-arm-none-eabi-10.3-2021.10/bin/../lib/gcc/arm-none-eabi/10.3.1/../../../../arm-none-eabi/lib/thumb/v7e-m/nofp\libc_nano.a(lib_a-exit.o)
 .bss           0x00000000        0x0 c:/tools/gcc-arm-none-eabi-10.3-2021.10/bin/../lib/gcc/arm-none-eabi/10.3.1/../../../../arm-none-eabi/lib/thumb/v7e-m/nofp\libc_nano.a(lib_a-exit.o)
 .text.exit     0x00000000       0x28 c:/tools/gcc-arm-none-eabi-10.3-2021.10/bin/../lib/gcc/arm-none-eabi/10.3.1/../../../../arm-none-eabi/lib/thumb/v7e-m/nofp\libc_nano.a(lib_a-exit.o)
[...]
Memory Configuration

Name             Origin             Length             Attributes
CCMRAM           0x10000000         0x00010000         xrw
RAM              0x20000000         0x00020000         xrw
FLASH            0x08000000         0x00100000         xr
*default*        0x00000000         0xffffffff

Linker script and memory map

LOAD c:/tools/gcc-arm-none-eabi-10.3-2021.10/bin/../lib/gcc/arm-none-eabi/10.3.1/thumb/v7e-m/nofp/crti.o
LOAD c:/tools/gcc-arm-none-eabi-10.3-2021.10/bin/../lib/gcc/arm-none-eabi/10.3.1/thumb/v7e-m/nofp/crtbegin.o
LOAD c:/tools/gcc-arm-none-eabi-10.3-2021.10/bin/../lib/gcc/arm-none-eabi/10.3.1/../../../../arm-none-eabi/lib/thumb/v7e-m/nofp/crt0.o
LOAD c:/tools/gcc-arm-none-eabi-10.3-2021.10/bin/../lib/gcc/arm-none-eabi/10.3.1/../../../../arm-none-eabi/lib/thumb/v7e-m/nofp\libc_nano.a
LOAD c:/tools/gcc-arm-none-eabi-10.3-2021.10/bin/../lib/gcc/arm-none-eabi/10.3.1/../../../../arm-none-eabi/lib/thumb/v7e-m/nofp\libm.a
LOAD CMakeFiles/SpeedyBeeF405V3.elf.dir/src/Core/Src/gpio.c.obj
LOAD CMakeFiles/SpeedyBeeF405V3.elf.dir/src/Core/Src/main.c.obj
LOAD CMakeFiles/SpeedyBeeF405V3.elf.dir/src/Core/Src/stm32f4xx_hal_msp.c.obj
LOAD CMakeFiles/SpeedyBeeF405V3.elf.dir/src/Core/Src/stm32f4xx_it.c.obj
LOAD CMakeFiles/SpeedyBeeF405V3.elf.dir/src/Core/Src/syscalls.c.obj
LOAD CMakeFiles/SpeedyBeeF405V3.elf.dir/src/Core/Src/sysmem.c.obj
LOAD CMakeFiles/SpeedyBeeF405V3.elf.dir/src/Core/Src/system_stm32f4xx.c.obj
LOAD CMakeFiles/SpeedyBeeF405V3.elf.dir/src/Drivers/STM32F4xx_HAL_Driver/Src/stm32f4xx_hal.c.obj
LOAD CMakeFiles/SpeedyBeeF405V3.elf.dir/src/Drivers/STM32F4xx_HAL_Driver/Src/stm32f4xx_hal_cortex.c.obj
LOAD CMakeFiles/SpeedyBeeF405V3.elf.dir/src/Drivers/STM32F4xx_HAL_Driver/Src/stm32f4xx_hal_dma.c.obj
LOAD CMakeFiles/SpeedyBeeF405V3.elf.dir/src/Drivers/STM32F4xx_HAL_Driver/Src/stm32f4xx_hal_dma_ex.c.obj
LOAD CMakeFiles/SpeedyBeeF405V3.elf.dir/src/Drivers/STM32F4xx_HAL_Driver/Src/stm32f4xx_hal_exti.c.obj
LOAD CMakeFiles/SpeedyBeeF405V3.elf.dir/src/Drivers/STM32F4xx_HAL_Driver/Src/stm32f4xx_hal_flash.c.obj
LOAD CMakeFiles/SpeedyBeeF405V3.elf.dir/src/Drivers/STM32F4xx_HAL_Driver/Src/stm32f4xx_hal_flash_ex.c.obj
LOAD CMakeFiles/SpeedyBeeF405V3.elf.dir/src/Drivers/STM32F4xx_HAL_Driver/Src/stm32f4xx_hal_flash_ramfunc.c.obj
LOAD CMakeFiles/SpeedyBeeF405V3.elf.dir/src/Drivers/STM32F4xx_HAL_Driver/Src/stm32f4xx_hal_gpio.c.obj
LOAD CMakeFiles/SpeedyBeeF405V3.elf.dir/src/Drivers/STM32F4xx_HAL_Driver/Src/stm32f4xx_hal_pwr.c.obj
LOAD CMakeFiles/SpeedyBeeF405V3.elf.dir/src/Drivers/STM32F4xx_HAL_Driver/Src/stm32f4xx_hal_pwr_ex.c.obj
LOAD CMakeFiles/SpeedyBeeF405V3.elf.dir/src/Drivers/STM32F4xx_HAL_Driver/Src/stm32f4xx_hal_rcc.c.obj
LOAD CMakeFiles/SpeedyBeeF405V3.elf.dir/src/Drivers/STM32F4xx_HAL_Driver/Src/stm32f4xx_hal_rcc_ex.c.obj
LOAD CMakeFiles/SpeedyBeeF405V3.elf.dir/src/Drivers/STM32F4xx_HAL_Driver/Src/stm32f4xx_hal_tim.c.obj
LOAD CMakeFiles/SpeedyBeeF405V3.elf.dir/src/Drivers/STM32F4xx_HAL_Driver/Src/stm32f4xx_hal_tim_ex.c.obj
LOAD CMakeFiles/SpeedyBeeF405V3.elf.dir/src/Core/Startup/startup_stm32f405rgtx.s.obj
START GROUP
LOAD c:/tools/gcc-arm-none-eabi-10.3-2021.10/bin/../lib/gcc/arm-none-eabi/10.3.1/thumb/v7e-m/nofp\libgcc.a
LOAD c:/tools/gcc-arm-none-eabi-10.3-2021.10/bin/../lib/gcc/arm-none-eabi/10.3.1/../../../../arm-none-eabi/lib/thumb/v7e-m/nofp\libg_nano.a
LOAD c:/tools/gcc-arm-none-eabi-10.3-2021.10/bin/../lib/gcc/arm-none-eabi/10.3.1/../../../../arm-none-eabi/lib/thumb/v7e-m/nofp\libc_nano.a
END GROUP
START GROUP
LOAD c:/tools/gcc-arm-none-eabi-10.3-2021.10/bin/../lib/gcc/arm-none-eabi/10.3.1/thumb/v7e-m/nofp\libgcc.a
LOAD c:/tools/gcc-arm-none-eabi-10.3-2021.10/bin/../lib/gcc/arm-none-eabi/10.3.1/../../../../arm-none-eabi/lib/thumb/v7e-m/nofp\libc_nano.a
END GROUP
LOAD c:/tools/gcc-arm-none-eabi-10.3-2021.10/bin/../lib/gcc/arm-none-eabi/10.3.1/thumb/v7e-m/nofp/crtend.o
LOAD c:/tools/gcc-arm-none-eabi-10.3-2021.10/bin/../lib/gcc/arm-none-eabi/10.3.1/thumb/v7e-m/nofp/crtn.o
                0x20020000                _estack = (ORIGIN (RAM) + LENGTH (RAM))
                0x00000200                _Min_Heap_Size = 0x200
                0x00000400                _Min_Stack_Size = 0x400

.isr_vector     0x08000000      0x188
                0x08000000                . = ALIGN (0x4)
 *(.isr_vector)
 .isr_vector    0x08000000      0x188 CMakeFiles/SpeedyBeeF405V3.elf.dir/src/Core/Startup/startup_stm32f405rgtx.s.obj
                0x08000000                g_pfnVectors
                0x08000188                . = ALIGN (0x4)

.text           0x08000188     0x15ac
                0x08000188                . = ALIGN (0x4)
 *(.text)
 .text          0x08000188       0x40 c:/tools/gcc-arm-none-eabi-10.3-2021.10/bin/../lib/gcc/arm-none-eabi/10.3.1/thumb/v7e-m/nofp/crtbegin.o
 .text          0x080001c8       0x30 c:/tools/gcc-arm-none-eabi-10.3-2021.10/bin/../lib/gcc/arm-none-eabi/10.3.1/thumb/v7e-m/nofp\libgcc.a(_aeabi_uldivmod.o)
                0x080001c8                __aeabi_uldivmod
 .text          0x080001f8      0x2d0 c:/tools/gcc-arm-none-eabi-10.3-2021.10/bin/../lib/gcc/arm-none-eabi/10.3.1/thumb/v7e-m/nofp\libgcc.a(_udivmoddi4.o)
                0x080001f8                __udivmoddi4
 .text          0x080004c8        0x4 c:/tools/gcc-arm-none-eabi-10.3-2021.10/bin/../lib/gcc/arm-none-eabi/10.3.1/thumb/v7e-m/nofp\libgcc.a(_dvmd_tls.o)
                0x080004c8                __aeabi_idiv0
                0x080004c8                __aeabi_ldiv0
 *(.text*)
 .text.__libc_init_array
                0x080004cc       0x48 c:/tools/gcc-arm-none-eabi-10.3-2021.10/bin/../lib/gcc/arm-none-eabi/10.3.1/../../../../arm-none-eabi/lib/thumb/v7e-m/nofp\libc_nano.a(lib_a-init.o)
                0x080004cc                __libc_init_array
 .text.memset   0x08000514       0x10 c:/tools/gcc-arm-none-eabi-10.3-2021.10/bin/../lib/gcc/arm-none-eabi/10.3.1/../../../../arm-none-eabi/lib/thumb/v7e-m/nofp\libc_nano.a(lib_a-memset.o)
                0x08000514                memset
 .text.MX_GPIO_Init
                0x08000524       0xa4 CMakeFiles/SpeedyBeeF405V3.elf.dir/src/Core/Src/gpio.c.obj
                0x08000524                MX_GPIO_Init
 .text.main     0x080005c8       0x28 CMakeFiles/SpeedyBeeF405V3.elf.dir/src/Core/Src/main.c.obj
                0x080005c8                main
 .text.SystemClock_Config
                0x080005f0       0xd4 CMakeFiles/SpeedyBeeF405V3.elf.dir/src/Core/Src/main.c.obj
                0x080005f0                SystemClock_Config
 .text.Error_Handler
                0x080006c4        0xa CMakeFiles/SpeedyBeeF405V3.elf.dir/src/Core/Src/main.c.obj
                0x080006c4                Error_Handler
 *fill*         0x080006ce        0x2 
 .text.HAL_MspInit
                0x080006d0       0x4c CMakeFiles/SpeedyBeeF405V3.elf.dir/src/Core/Src/stm32f4xx_hal_msp.c.obj
                0x080006d0                HAL_MspInit
 .text.NMI_Handler
                0x0800071c        0x6 CMakeFiles/SpeedyBeeF405V3.elf.dir/src/Core/Src/stm32f4xx_it.c.obj
                0x0800071c                NMI_Handler
 .text.HardFault_Handler
                0x08000722        0x6 CMakeFiles/SpeedyBeeF405V3.elf.dir/src/Core/Src/stm32f4xx_it.c.obj
                0x08000722                HardFault_Handler
 .text.MemManage_Handler
                0x08000728        0x6 CMakeFiles/SpeedyBeeF405V3.elf.dir/src/Core/Src/stm32f4xx_it.c.obj
                0x08000728                MemManage_Handler
 .text.BusFault_Handler
                0x0800072e        0x6 CMakeFiles/SpeedyBeeF405V3.elf.dir/src/Core/Src/stm32f4xx_it.c.obj
                0x0800072e                BusFault_Handler
 .text.UsageFault_Handler
                0x08000734        0x6 CMakeFiles/SpeedyBeeF405V3.elf.dir/src/Core/Src/stm32f4xx_it.c.obj
                0x08000734                UsageFault_Handler
 .text.SVC_Handler
                0x0800073a        0xc CMakeFiles/SpeedyBeeF405V3.elf.dir/src/Core/Src/stm32f4xx_it.c.obj
                0x0800073a                SVC_Handler
 .text.DebugMon_Handler
                0x08000746        0xc CMakeFiles/SpeedyBeeF405V3.elf.dir/src/Core/Src/stm32f4xx_it.c.obj
                0x08000746                DebugMon_Handler
 .text.PendSV_Handler
                0x08000752        0xc CMakeFiles/SpeedyBeeF405V3.elf.dir/src/Core/Src/stm32f4xx_it.c.obj
                0x08000752                PendSV_Handler
 .text.SysTick_Handler
                0x0800075e        0xc CMakeFiles/SpeedyBeeF405V3.elf.dir/src/Core/Src/stm32f4xx_it.c.obj
                0x0800075e                SysTick_Handler
 *fill*         0x0800076a        0x2 
 .text.SystemInit
                0x0800076c       0x18 CMakeFiles/SpeedyBeeF405V3.elf.dir/src/Core/Src/system_stm32f4xx.c.obj
                0x0800076c                SystemInit
 .text.HAL_Init
                0x08000784       0x44 CMakeFiles/SpeedyBeeF405V3.elf.dir/src/Drivers/STM32F4xx_HAL_Driver/Src/stm32f4xx_hal.c.obj
                0x08000784                HAL_Init
 .text.HAL_InitTick
                0x080007c8       0x60 CMakeFiles/SpeedyBeeF405V3.elf.dir/src/Drivers/STM32F4xx_HAL_Driver/Src/stm32f4xx_hal.c.obj
                0x080007c8                HAL_InitTick
 .text.HAL_IncTick
                0x08000828       0x24 CMakeFiles/SpeedyBeeF405V3.elf.dir/src/Drivers/STM32F4xx_HAL_Driver/Src/stm32f4xx_hal.c.obj
                0x08000828                HAL_IncTick
 .text.HAL_GetTick
                0x0800084c       0x14 CMakeFiles/SpeedyBeeF405V3.elf.dir/src/Drivers/STM32F4xx_HAL_Driver/Src/stm32f4xx_hal.c.obj
                0x0800084c                HAL_GetTick
 .text.HAL_Delay
                0x08000860       0x48 CMakeFiles/SpeedyBeeF405V3.elf.dir/src/Drivers/STM32F4xx_HAL_Driver/Src/stm32f4xx_hal.c.obj
                0x08000860                HAL_Delay
 .text.__NVIC_SetPriorityGrouping
                0x080008a8       0x48 CMakeFiles/SpeedyBeeF405V3.elf.dir/src/Drivers/STM32F4xx_HAL_Driver/Src/stm32f4xx_hal_cortex.c.obj
 .text.__NVIC_GetPriorityGrouping
                0x080008f0       0x1c CMakeFiles/SpeedyBeeF405V3.elf.dir/src/Drivers/STM32F4xx_HAL_Driver/Src/stm32f4xx_hal_cortex.c.obj
 .text.__NVIC_SetPriority
                0x0800090c       0x54 CMakeFiles/SpeedyBeeF405V3.elf.dir/src/Drivers/STM32F4xx_HAL_Driver/Src/stm32f4xx_hal_cortex.c.obj
 .text.NVIC_EncodePriority
                0x08000960       0x64 CMakeFiles/SpeedyBeeF405V3.elf.dir/src/Drivers/STM32F4xx_HAL_Driver/Src/stm32f4xx_hal_cortex.c.obj
 .text.SysTick_Config
                0x080009c4       0x44 CMakeFiles/SpeedyBeeF405V3.elf.dir/src/Drivers/STM32F4xx_HAL_Driver/Src/stm32f4xx_hal_cortex.c.obj
 .text.HAL_NVIC_SetPriorityGrouping
                0x08000a08       0x16 CMakeFiles/SpeedyBeeF405V3.elf.dir/src/Drivers/STM32F4xx_HAL_Driver/Src/stm32f4xx_hal_cortex.c.obj
                0x08000a08                HAL_NVIC_SetPriorityGrouping
 .text.HAL_NVIC_SetPriority
                0x08000a1e       0x38 CMakeFiles/SpeedyBeeF405V3.elf.dir/src/Drivers/STM32F4xx_HAL_Driver/Src/stm32f4xx_hal_cortex.c.obj
                0x08000a1e                HAL_NVIC_SetPriority
 .text.HAL_SYSTICK_Config
                0x08000a56       0x18 CMakeFiles/SpeedyBeeF405V3.elf.dir/src/Drivers/STM32F4xx_HAL_Driver/Src/stm32f4xx_hal_cortex.c.obj
                0x08000a56                HAL_SYSTICK_Config
 *fill*         0x08000a6e        0x2 
 .text.HAL_GPIO_Init
                0x08000a70      0x334 CMakeFiles/SpeedyBeeF405V3.elf.dir/src/Drivers/STM32F4xx_HAL_Driver/Src/stm32f4xx_hal_gpio.c.obj
                0x08000a70                HAL_GPIO_Init
 .text.HAL_GPIO_WritePin
                0x08000da4       0x30 CMakeFiles/SpeedyBeeF405V3.elf.dir/src/Drivers/STM32F4xx_HAL_Driver/Src/stm32f4xx_hal_gpio.c.obj
                0x08000da4                HAL_GPIO_WritePin
 .text.HAL_GPIO_TogglePin
                0x08000dd4       0x34 CMakeFiles/SpeedyBeeF405V3.elf.dir/src/Drivers/STM32F4xx_HAL_Driver/Src/stm32f4xx_hal_gpio.c.obj
                0x08000dd4                HAL_GPIO_TogglePin
 .text.HAL_RCC_OscConfig
                0x08000e08      0x4dc CMakeFiles/SpeedyBeeF405V3.elf.dir/src/Drivers/STM32F4xx_HAL_Driver/Src/stm32f4xx_hal_rcc.c.obj
                0x08000e08                HAL_RCC_OscConfig
 .text.HAL_RCC_ClockConfig
                0x080012e4      0x1cc CMakeFiles/SpeedyBeeF405V3.elf.dir/src/Drivers/STM32F4xx_HAL_Driver/Src/stm32f4xx_hal_rcc.c.obj
                0x080012e4                HAL_RCC_ClockConfig
 .text.HAL_RCC_GetSysClockFreq
                0x080014b0      0x218 CMakeFiles/SpeedyBeeF405V3.elf.dir/src/Drivers/STM32F4xx_HAL_Driver/Src/stm32f4xx_hal_rcc.c.obj
                0x080014b0                HAL_RCC_GetSysClockFreq
 .text.Reset_Handler
                0x080016c8       0x50 CMakeFiles/SpeedyBeeF405V3.elf.dir/src/Core/Startup/startup_stm32f405rgtx.s.obj
                0x080016c8                Reset_Handler
 .text.Default_Handler
                0x08001718        0x2 CMakeFiles/SpeedyBeeF405V3.elf.dir/src/Core/Startup/startup_stm32f405rgtx.s.obj
                0x08001718                RTC_Alarm_IRQHandler
                0x08001718                HASH_RNG_IRQHandler
                0x08001718                EXTI2_IRQHandler
                0x08001718                TIM8_CC_IRQHandler
                0x08001718                TIM1_CC_IRQHandler
                0x08001718                DMA2_Stream5_IRQHandler
                0x08001718                DMA1_Stream5_IRQHandler
                0x08001718                PVD_IRQHandler
                0x08001718                SDIO_IRQHandler
                0x08001718                TAMP_STAMP_IRQHandler
                0x08001718                CAN2_RX1_IRQHandler
                0x08001718                EXTI3_IRQHandler
                0x08001718                TIM8_TRG_COM_TIM14_IRQHandler
                0x08001718                TIM1_UP_TIM10_IRQHandler
                0x08001718                TIM8_UP_TIM13_IRQHandler
                0x08001718                I2C3_ER_IRQHandler
                0x08001718                EXTI0_IRQHandler
                0x08001718                I2C2_EV_IRQHandler
                0x08001718                DMA1_Stream2_IRQHandler
                0x08001718                CAN1_RX0_IRQHandler
                0x08001718                FPU_IRQHandler
                0x08001718                OTG_HS_WKUP_IRQHandler
                0x08001718                CAN2_SCE_IRQHandler
                0x08001718                DMA2_Stream2_IRQHandler
                0x08001718                SPI1_IRQHandler
                0x08001718                TIM6_DAC_IRQHandler
                0x08001718                TIM1_BRK_TIM9_IRQHandler
                0x08001718                CAN2_RX0_IRQHandler
                0x08001718                DMA2_Stream3_IRQHandler
                0x08001718                USART6_IRQHandler
                0x08001718                USART3_IRQHandler
                0x08001718                CAN1_RX1_IRQHandler
                0x08001718                UART5_IRQHandler
                0x08001718                DMA2_Stream0_IRQHandler
                0x08001718                TIM4_IRQHandler
                0x08001718                I2C1_EV_IRQHandler
                0x08001718                DMA1_Stream6_IRQHandler
                0x08001718                DMA1_Stream1_IRQHandler
                0x08001718                UART4_IRQHandler
                0x08001718                TIM3_IRQHandler
                0x08001718                RCC_IRQHandler
                0x08001718                TIM8_BRK_TIM12_IRQHandler
                0x08001718                Default_Handler
                0x08001718                EXTI15_10_IRQHandler
                0x08001718                ADC_IRQHandler
                0x08001718                DMA1_Stream7_IRQHandler
                0x08001718                TIM7_IRQHandler
                0x08001718                CAN2_TX_IRQHandler
                0x08001718                TIM5_IRQHandler
                0x08001718                DMA2_Stream7_IRQHandler
                0x08001718                I2C3_EV_IRQHandler
                0x08001718                EXTI9_5_IRQHandler
                0x08001718                RTC_WKUP_IRQHandler
                0x08001718                SPI2_IRQHandler
                0x08001718                OTG_HS_EP1_IN_IRQHandler
                0x08001718                DMA1_Stream0_IRQHandler
                0x08001718                CAN1_TX_IRQHandler
                0x08001718                EXTI4_IRQHandler
                0x08001718                FSMC_IRQHandler
                0x08001718                OTG_HS_EP1_OUT_IRQHandler
                0x08001718                WWDG_IRQHandler
                0x08001718                TIM2_IRQHandler
                0x08001718                OTG_FS_WKUP_IRQHandler
                0x08001718                TIM1_TRG_COM_TIM11_IRQHandler
                0x08001718                OTG_HS_IRQHandler
                0x08001718                EXTI1_IRQHandler
                0x08001718                USART2_IRQHandler
                0x08001718                I2C2_ER_IRQHandler
                0x08001718                DMA2_Stream1_IRQHandler
                0x08001718                CAN1_SCE_IRQHandler
                0x08001718                FLASH_IRQHandler
                0x08001718                DMA2_Stream4_IRQHandler
                0x08001718                USART1_IRQHandler
                0x08001718                OTG_FS_IRQHandler
                0x08001718                SPI3_IRQHandler
                0x08001718                DMA1_Stream4_IRQHandler
                0x08001718                I2C1_ER_IRQHandler
                0x08001718                DMA2_Stream6_IRQHandler
                0x08001718                DMA1_Stream3_IRQHandler
 *(.glue_7)
 .glue_7        0x0800171a        0x0 linker stubs
 *(.glue_7t)
 .glue_7t       0x0800171a        0x0 linker stubs
 *(.eh_frame)
 *fill*         0x0800171a        0x2 
 .eh_frame      0x0800171c        0x0 c:/tools/gcc-arm-none-eabi-10.3-2021.10/bin/../lib/gcc/arm-none-eabi/10.3.1/thumb/v7e-m/nofp/crtbegin.o
 *(.init)
 .init          0x0800171c        0x4 c:/tools/gcc-arm-none-eabi-10.3-2021.10/bin/../lib/gcc/arm-none-eabi/10.3.1/thumb/v7e-m/nofp/crti.o
                0x0800171c                _init
 .init          0x08001720        0x8 c:/tools/gcc-arm-none-eabi-10.3-2021.10/bin/../lib/gcc/arm-none-eabi/10.3.1/thumb/v7e-m/nofp/crtn.o
 *(.fini)
 .fini          0x08001728        0x4 c:/tools/gcc-arm-none-eabi-10.3-2021.10/bin/../lib/gcc/arm-none-eabi/10.3.1/thumb/v7e-m/nofp/crti.o
                0x08001728                _fini
 .fini          0x0800172c        0x8 c:/tools/gcc-arm-none-eabi-10.3-2021.10/bin/../lib/gcc/arm-none-eabi/10.3.1/thumb/v7e-m/nofp/crtn.o
                0x08001734                . = ALIGN (0x4)
                0x08001734                _etext = .

.vfp11_veneer   0x08001734        0x0
 .vfp11_veneer  0x08001734        0x0 linker stubs

.v4_bx          0x08001734        0x0
 .v4_bx         0x08001734        0x0 linker stubs

.iplt           0x08001734        0x0
 .iplt          0x08001734        0x0 c:/tools/gcc-arm-none-eabi-10.3-2021.10/bin/../lib/gcc/arm-none-eabi/10.3.1/thumb/v7e-m/nofp/crtbegin.o

.rodata         0x08001734       0x10
                0x08001734                . = ALIGN (0x4)
 *(.rodata)
 *(.rodata*)
 .rodata.AHBPrescTable
                0x08001734       0x10 CMakeFiles/SpeedyBeeF405V3.elf.dir/src/Core/Src/system_stm32f4xx.c.obj
                0x08001734                AHBPrescTable
                0x08001744                . = ALIGN (0x4)

.ARM.extab      0x08001744        0x0
                0x08001744                . = ALIGN (0x4)
 *(.ARM.extab* .gnu.linkonce.armextab.*)
                0x08001744                . = ALIGN (0x4)

.ARM            0x08001744        0x8
                0x08001744                . = ALIGN (0x4)
                0x08001744                __exidx_start = .
 *(.ARM.exidx*)
 .ARM.exidx     0x08001744        0x8 c:/tools/gcc-arm-none-eabi-10.3-2021.10/bin/../lib/gcc/arm-none-eabi/10.3.1/thumb/v7e-m/nofp\libgcc.a(_udivmoddi4.o)
                0x0800174c                __exidx_end = .
                0x0800174c                . = ALIGN (0x4)

.rel.dyn        0x0800174c        0x0
 .rel.iplt      0x0800174c        0x0 c:/tools/gcc-arm-none-eabi-10.3-2021.10/bin/../lib/gcc/arm-none-eabi/10.3.1/thumb/v7e-m/nofp/crtbegin.o

.preinit_array  0x0800174c        0x0
                0x0800174c                . = ALIGN (0x4)
                0x0800174c                PROVIDE (__preinit_array_start = .)
 *(.preinit_array*)
                0x0800174c                PROVIDE (__preinit_array_end = .)
                0x0800174c                . = ALIGN (0x4)

.init_array     0x0800174c        0x4
                0x0800174c                . = ALIGN (0x4)
                0x0800174c                PROVIDE (__init_array_start = .)
 *(SORT_BY_NAME(.init_array.*))
 *(.init_array*)
 .init_array    0x0800174c        0x4 c:/tools/gcc-arm-none-eabi-10.3-2021.10/bin/../lib/gcc/arm-none-eabi/10.3.1/thumb/v7e-m/nofp/crtbegin.o
                0x08001750                PROVIDE (__init_array_end = .)
                0x08001750                . = ALIGN (0x4)

.fini_array     0x08001750        0x4
                0x08001750                . = ALIGN (0x4)
                [!provide]                PROVIDE (__fini_array_start = .)
 *(SORT_BY_NAME(.fini_array.*))
 *(.fini_array*)
 .fini_array    0x08001750        0x4 c:/tools/gcc-arm-none-eabi-10.3-2021.10/bin/../lib/gcc/arm-none-eabi/10.3.1/thumb/v7e-m/nofp/crtbegin.o
                [!provide]                PROVIDE (__fini_array_end = .)
                0x08001754                . = ALIGN (0x4)
                0x08001754                _sidata = LOADADDR (.data)

.data           0x20000000        0xc load address 0x08001754
                0x20000000                . = ALIGN (0x4)
                0x20000000                _sdata = .
 *(.data)
 *(.data*)
 .data.SystemCoreClock
                0x20000000        0x4 CMakeFiles/SpeedyBeeF405V3.elf.dir/src/Core/Src/system_stm32f4xx.c.obj
                0x20000000                SystemCoreClock
 .data.uwTickPrio
                0x20000004        0x4 CMakeFiles/SpeedyBeeF405V3.elf.dir/src/Drivers/STM32F4xx_HAL_Driver/Src/stm32f4xx_hal.c.obj
                0x20000004                uwTickPrio
 .data.uwTickFreq
                0x20000008        0x1 CMakeFiles/SpeedyBeeF405V3.elf.dir/src/Drivers/STM32F4xx_HAL_Driver/Src/stm32f4xx_hal.c.obj
                0x20000008                uwTickFreq
                0x2000000c                . = ALIGN (0x4)
 *fill*         0x20000009        0x3 
                0x2000000c                _edata = .

.igot.plt       0x2000000c        0x0 load address 0x08001760
 .igot.plt      0x2000000c        0x0 c:/tools/gcc-arm-none-eabi-10.3-2021.10/bin/../lib/gcc/arm-none-eabi/10.3.1/thumb/v7e-m/nofp/crtbegin.o
                0x2000000c                . = ALIGN (0x4)

.bss            0x2000000c       0x20 load address 0x08001760
                0x2000000c                _sbss = .
                0x2000000c                __bss_start__ = _sbss
 *(.bss)
 .bss           0x2000000c       0x1c c:/tools/gcc-arm-none-eabi-10.3-2021.10/bin/../lib/gcc/arm-none-eabi/10.3.1/thumb/v7e-m/nofp/crtbegin.o
 *(.bss*)
 .bss.uwTick    0x20000028        0x4 CMakeFiles/SpeedyBeeF405V3.elf.dir/src/Drivers/STM32F4xx_HAL_Driver/Src/stm32f4xx_hal.c.obj
                0x20000028                uwTick
 *(COMMON)
                0x2000002c                . = ALIGN (0x4)
                0x2000002c                _ebss = .
                0x2000002c                __bss_end__ = _ebss

._user_heap_stack
                0x2000002c      0x604 load address 0x08001760
                0x20000030                . = ALIGN (0x8)
 *fill*         0x2000002c        0x4 
                [!provide]                PROVIDE (end = .)
                0x20000030                PROVIDE (_end = .)
                0x20000230                . = (. + _Min_Heap_Size)
 *fill*         0x20000030      0x200 
                0x20000630                . = (. + _Min_Stack_Size)
 *fill*         0x20000230      0x400 
                0x20000630                . = ALIGN (0x8)

/DISCARD/
 libc.a(*)
 libm.a(*)
 libgcc.a(*)

.ARM.attributes
                0x00000000       0x2a
 *(.ARM.attributes)
 .ARM.attributes
                0x00000000       0x1e c:/tools/gcc-arm-none-eabi-10.3-2021.10/bin/../lib/gcc/arm-none-eabi/10.3.1/thumb/v7e-m/nofp/crti.o
 .ARM.attributes
                0x0000001e       0x2e c:/tools/gcc-arm-none-eabi-10.3-2021.10/bin/../lib/gcc/arm-none-eabi/10.3.1/thumb/v7e-m/nofp/crtbegin.o
 .ARM.attributes
                0x0000004c       0x2e c:/tools/gcc-arm-none-eabi-10.3-2021.10/bin/../lib/gcc/arm-none-eabi/10.3.1/../../../../arm-none-eabi/lib/thumb/v7e-m/nofp\libc_nano.a(lib_a-init.o)
 .ARM.attributes
                0x0000007a       0x2e c:/tools/gcc-arm-none-eabi-10.3-2021.10/bin/../lib/gcc/arm-none-eabi/10.3.1/../../../../arm-none-eabi/lib/thumb/v7e-m/nofp\libc_nano.a(lib_a-memset.o)
 .ARM.attributes
                0x000000a8       0x2e CMakeFiles/SpeedyBeeF405V3.elf.dir/src/Core/Src/gpio.c.obj
 .ARM.attributes
                0x000000d6       0x2e CMakeFiles/SpeedyBeeF405V3.elf.dir/src/Core/Src/main.c.obj
 .ARM.attributes
                0x00000104       0x2e CMakeFiles/SpeedyBeeF405V3.elf.dir/src/Core/Src/stm32f4xx_hal_msp.c.obj
 .ARM.attributes
                0x00000132       0x2e CMakeFiles/SpeedyBeeF405V3.elf.dir/src/Core/Src/stm32f4xx_it.c.obj
 .ARM.attributes
                0x00000160       0x2e CMakeFiles/SpeedyBeeF405V3.elf.dir/src/Core/Src/system_stm32f4xx.c.obj
 .ARM.attributes
                0x0000018e       0x2e CMakeFiles/SpeedyBeeF405V3.elf.dir/src/Drivers/STM32F4xx_HAL_Driver/Src/stm32f4xx_hal.c.obj
 .ARM.attributes
                0x000001bc       0x2e CMakeFiles/SpeedyBeeF405V3.elf.dir/src/Drivers/STM32F4xx_HAL_Driver/Src/stm32f4xx_hal_cortex.c.obj
 .ARM.attributes
                0x000001ea       0x2e CMakeFiles/SpeedyBeeF405V3.elf.dir/src/Drivers/STM32F4xx_HAL_Driver/Src/stm32f4xx_hal_gpio.c.obj
 .ARM.attributes
                0x00000218       0x2e CMakeFiles/SpeedyBeeF405V3.elf.dir/src/Drivers/STM32F4xx_HAL_Driver/Src/stm32f4xx_hal_rcc.c.obj
 .ARM.attributes
                0x00000246       0x21 CMakeFiles/SpeedyBeeF405V3.elf.dir/src/Core/Startup/startup_stm32f405rgtx.s.obj
 .ARM.attributes
                0x00000267       0x1e c:/tools/gcc-arm-none-eabi-10.3-2021.10/bin/../lib/gcc/arm-none-eabi/10.3.1/thumb/v7e-m/nofp\libgcc.a(_aeabi_uldivmod.o)
 .ARM.attributes
                0x00000285       0x2e c:/tools/gcc-arm-none-eabi-10.3-2021.10/bin/../lib/gcc/arm-none-eabi/10.3.1/thumb/v7e-m/nofp\libgcc.a(_udivmoddi4.o)
 .ARM.attributes
                0x000002b3       0x1e c:/tools/gcc-arm-none-eabi-10.3-2021.10/bin/../lib/gcc/arm-none-eabi/10.3.1/thumb/v7e-m/nofp\libgcc.a(_dvmd_tls.o)
 .ARM.attributes
                0x000002d1       0x1e c:/tools/gcc-arm-none-eabi-10.3-2021.10/bin/../lib/gcc/arm-none-eabi/10.3.1/thumb/v7e-m/nofp/crtn.o
OUTPUT(SpeedyBeeF405V3.elf elf32-littlearm)
LOAD linker stubs
LOAD c:/tools/gcc-arm-none-eabi-10.3-2021.10/bin/../lib/gcc/arm-none-eabi/10.3.1/../../../../arm-none-eabi/lib/thumb/v7e-m/nofp\libc.a
LOAD c:/tools/gcc-arm-none-eabi-10.3-2021.10/bin/../lib/gcc/arm-none-eabi/10.3.1/../../../../arm-none-eabi/lib/thumb/v7e-m/nofp\libm.a
LOAD c:/tools/gcc-arm-none-eabi-10.3-2021.10/bin/../lib/gcc/arm-none-eabi/10.3.1/thumb/v7e-m/nofp\libgcc.a

.debug_frame    0x00000000      0xe28
 .debug_frame   0x00000000       0x2c c:/tools/gcc-arm-none-eabi-10.3-2021.10/bin/../lib/gcc/arm-none-eabi/10.3.1/../../../../arm-none-eabi/lib/thumb/v7e-m/nofp\libc_nano.a(lib_a-init.o)
 .debug_frame   0x0000002c       0x20 c:/tools/gcc-arm-none-eabi-10.3-2021.10/bin/../lib/gcc/arm-none-eabi/10.3.1/../../../../arm-none-eabi/lib/thumb/v7e-m/nofp\libc_nano.a(lib_a-memset.o)
 .debug_frame   0x0000004c       0x34 CMakeFiles/SpeedyBeeF405V3.elf.dir/src/Core/Src/gpio.c.obj
 .debug_frame   0x00000080       0x68 CMakeFiles/SpeedyBeeF405V3.elf.dir/src/Core/Src/main.c.obj
 .debug_frame   0x000000e8       0x38 CMakeFiles/SpeedyBeeF405V3.elf.dir/src/Core/Src/stm32f4xx_hal_msp.c.obj
 .debug_frame   0x00000120      0x104 CMakeFiles/SpeedyBeeF405V3.elf.dir/src/Core/Src/stm32f4xx_it.c.obj
 .debug_frame   0x00000224       0x58 CMakeFiles/SpeedyBeeF405V3.elf.dir/src/Core/Src/system_stm32f4xx.c.obj
 .debug_frame   0x0000027c      0x374 CMakeFiles/SpeedyBeeF405V3.elf.dir/src/Drivers/STM32F4xx_HAL_Driver/Src/stm32f4xx_hal.c.obj
 .debug_frame   0x000005f0      0x498 CMakeFiles/SpeedyBeeF405V3.elf.dir/src/Drivers/STM32F4xx_HAL_Driver/Src/stm32f4xx_hal_cortex.c.obj
 .debug_frame   0x00000a88      0x14c CMakeFiles/SpeedyBeeF405V3.elf.dir/src/Drivers/STM32F4xx_HAL_Driver/Src/stm32f4xx_hal_gpio.c.obj
 .debug_frame   0x00000bd4      0x1f4 CMakeFiles/SpeedyBeeF405V3.elf.dir/src/Drivers/STM32F4xx_HAL_Driver/Src/stm32f4xx_hal_rcc.c.obj
 .debug_frame   0x00000dc8       0x2c c:/tools/gcc-arm-none-eabi-10.3-2021.10/bin/../lib/gcc/arm-none-eabi/10.3.1/thumb/v7e-m/nofp\libgcc.a(_aeabi_uldivmod.o)
 .debug_frame   0x00000df4       0x34 c:/tools/gcc-arm-none-eabi-10.3-2021.10/bin/../lib/gcc/arm-none-eabi/10.3.1/thumb/v7e-m/nofp\libgcc.a(_udivmoddi4.o)

.debug_info     0x00000000     0x3a17
 .debug_info    0x00000000      0x409 CMakeFiles/SpeedyBeeF405V3.elf.dir/src/Core/Src/gpio.c.obj
 .debug_info    0x00000409      0x574 CMakeFiles/SpeedyBeeF405V3.elf.dir/src/Core/Src/main.c.obj
 .debug_info    0x0000097d      0x2a8 CMakeFiles/SpeedyBeeF405V3.elf.dir/src/Core/Src/stm32f4xx_hal_msp.c.obj
 .debug_info    0x00000c25      0x119 CMakeFiles/SpeedyBeeF405V3.elf.dir/src/Core/Src/stm32f4xx_it.c.obj
 .debug_info    0x00000d3e      0x51c CMakeFiles/SpeedyBeeF405V3.elf.dir/src/Core/Src/system_stm32f4xx.c.obj
 .debug_info    0x0000125a      0x917 CMakeFiles/SpeedyBeeF405V3.elf.dir/src/Drivers/STM32F4xx_HAL_Driver/Src/stm32f4xx_hal.c.obj
 .debug_info    0x00001b71      0xe09 CMakeFiles/SpeedyBeeF405V3.elf.dir/src/Drivers/STM32F4xx_HAL_Driver/Src/stm32f4xx_hal_cortex.c.obj
 .debug_info    0x0000297a      0x75a CMakeFiles/SpeedyBeeF405V3.elf.dir/src/Drivers/STM32F4xx_HAL_Driver/Src/stm32f4xx_hal_gpio.c.obj
 .debug_info    0x000030d4      0x921 CMakeFiles/SpeedyBeeF405V3.elf.dir/src/Drivers/STM32F4xx_HAL_Driver/Src/stm32f4xx_hal_rcc.c.obj
 .debug_info    0x000039f5       0x22 CMakeFiles/SpeedyBeeF405V3.elf.dir/src/Core/Startup/startup_stm32f405rgtx.s.obj

.debug_abbrev   0x00000000      0xe11
 .debug_abbrev  0x00000000      0x121 CMakeFiles/SpeedyBeeF405V3.elf.dir/src/Core/Src/gpio.c.obj
 .debug_abbrev  0x00000121      0x17d CMakeFiles/SpeedyBeeF405V3.elf.dir/src/Core/Src/main.c.obj
 .debug_abbrev  0x0000029e       0xd4 CMakeFiles/SpeedyBeeF405V3.elf.dir/src/Core/Src/stm32f4xx_hal_msp.c.obj
 .debug_abbrev  0x00000372       0x61 CMakeFiles/SpeedyBeeF405V3.elf.dir/src/Core/Src/stm32f4xx_it.c.obj
 .debug_abbrev  0x000003d3      0x116 CMakeFiles/SpeedyBeeF405V3.elf.dir/src/Core/Src/system_stm32f4xx.c.obj
 .debug_abbrev  0x000004e9      0x1da CMakeFiles/SpeedyBeeF405V3.elf.dir/src/Drivers/STM32F4xx_HAL_Driver/Src/stm32f4xx_hal.c.obj
 .debug_abbrev  0x000006c3      0x316 CMakeFiles/SpeedyBeeF405V3.elf.dir/src/Drivers/STM32F4xx_HAL_Driver/Src/stm32f4xx_hal_cortex.c.obj
 .debug_abbrev  0x000009d9      0x1c4 CMakeFiles/SpeedyBeeF405V3.elf.dir/src/Drivers/STM32F4xx_HAL_Driver/Src/stm32f4xx_hal_gpio.c.obj
 .debug_abbrev  0x00000b9d      0x262 CMakeFiles/SpeedyBeeF405V3.elf.dir/src/Drivers/STM32F4xx_HAL_Driver/Src/stm32f4xx_hal_rcc.c.obj
 .debug_abbrev  0x00000dff       0x12 CMakeFiles/SpeedyBeeF405V3.elf.dir/src/Core/Startup/startup_stm32f405rgtx.s.obj

.debug_aranges  0x00000000      0x408
 .debug_aranges
                0x00000000       0x20 CMakeFiles/SpeedyBeeF405V3.elf.dir/src/Core/Src/gpio.c.obj
 .debug_aranges
                0x00000020       0x30 CMakeFiles/SpeedyBeeF405V3.elf.dir/src/Core/Src/main.c.obj
 .debug_aranges
                0x00000050       0x20 CMakeFiles/SpeedyBeeF405V3.elf.dir/src/Core/Src/stm32f4xx_hal_msp.c.obj
 .debug_aranges
                0x00000070       0x60 CMakeFiles/SpeedyBeeF405V3.elf.dir/src/Core/Src/stm32f4xx_it.c.obj
 .debug_aranges
                0x000000d0       0x28 CMakeFiles/SpeedyBeeF405V3.elf.dir/src/Core/Src/system_stm32f4xx.c.obj
 .debug_aranges
                0x000000f8       0xf0 CMakeFiles/SpeedyBeeF405V3.elf.dir/src/Drivers/STM32F4xx_HAL_Driver/Src/stm32f4xx_hal.c.obj
 .debug_aranges
                0x000001e8      0x118 CMakeFiles/SpeedyBeeF405V3.elf.dir/src/Drivers/STM32F4xx_HAL_Driver/Src/stm32f4xx_hal_cortex.c.obj
 .debug_aranges
                0x00000300       0x58 CMakeFiles/SpeedyBeeF405V3.elf.dir/src/Drivers/STM32F4xx_HAL_Driver/Src/stm32f4xx_hal_gpio.c.obj
 .debug_aranges
                0x00000358       0x88 CMakeFiles/SpeedyBeeF405V3.elf.dir/src/Drivers/STM32F4xx_HAL_Driver/Src/stm32f4xx_hal_rcc.c.obj
 .debug_aranges
                0x000003e0       0x28 CMakeFiles/SpeedyBeeF405V3.elf.dir/src/Core/Startup/startup_stm32f405rgtx.s.obj

.debug_ranges   0x00000000      0x370
 .debug_ranges  0x00000000       0x10 CMakeFiles/SpeedyBeeF405V3.elf.dir/src/Core/Src/gpio.c.obj
 .debug_ranges  0x00000010       0x20 CMakeFiles/SpeedyBeeF405V3.elf.dir/src/Core/Src/main.c.obj
 .debug_ranges  0x00000030       0x10 CMakeFiles/SpeedyBeeF405V3.elf.dir/src/Core/Src/stm32f4xx_hal_msp.c.obj
 .debug_ranges  0x00000040       0x50 CMakeFiles/SpeedyBeeF405V3.elf.dir/src/Core/Src/stm32f4xx_it.c.obj
 .debug_ranges  0x00000090       0x18 CMakeFiles/SpeedyBeeF405V3.elf.dir/src/Core/Src/system_stm32f4xx.c.obj
 .debug_ranges  0x000000a8       0xe0 CMakeFiles/SpeedyBeeF405V3.elf.dir/src/Drivers/STM32F4xx_HAL_Driver/Src/stm32f4xx_hal.c.obj
 .debug_ranges  0x00000188      0x108 CMakeFiles/SpeedyBeeF405V3.elf.dir/src/Drivers/STM32F4xx_HAL_Driver/Src/stm32f4xx_hal_cortex.c.obj
 .debug_ranges  0x00000290       0x48 CMakeFiles/SpeedyBeeF405V3.elf.dir/src/Drivers/STM32F4xx_HAL_Driver/Src/stm32f4xx_hal_gpio.c.obj
 .debug_ranges  0x000002d8       0x78 CMakeFiles/SpeedyBeeF405V3.elf.dir/src/Drivers/STM32F4xx_HAL_Driver/Src/stm32f4xx_hal_rcc.c.obj
 .debug_ranges  0x00000350       0x20 CMakeFiles/SpeedyBeeF405V3.elf.dir/src/Core/Startup/startup_stm32f405rgtx.s.obj

.debug_macro    0x00000000    0x1d055
 .debug_macro   0x00000000      0x1bf CMakeFiles/SpeedyBeeF405V3.elf.dir/src/Core/Src/gpio.c.obj
 .debug_macro   0x000001bf      0xa60 CMakeFiles/SpeedyBeeF405V3.elf.dir/src/Core/Src/gpio.c.obj
 .debug_macro   0x00000c1f      0x288 CMakeFiles/SpeedyBeeF405V3.elf.dir/src/Core/Src/gpio.c.obj
 .debug_macro   0x00000ea7       0x2e CMakeFiles/SpeedyBeeF405V3.elf.dir/src/Core/Src/gpio.c.obj
 .debug_macro   0x00000ed5       0x2f CMakeFiles/SpeedyBeeF405V3.elf.dir/src/Core/Src/gpio.c.obj
 .debug_macro   0x00000f04       0x22 CMakeFiles/SpeedyBeeF405V3.elf.dir/src/Core/Src/gpio.c.obj
 .debug_macro   0x00000f26       0x8e CMakeFiles/SpeedyBeeF405V3.elf.dir/src/Core/Src/gpio.c.obj
 .debug_macro   0x00000fb4       0x51 CMakeFiles/SpeedyBeeF405V3.elf.dir/src/Core/Src/gpio.c.obj
 .debug_macro   0x00001005      0x103 CMakeFiles/SpeedyBeeF405V3.elf.dir/src/Core/Src/gpio.c.obj
 .debug_macro   0x00001108       0x6a CMakeFiles/SpeedyBeeF405V3.elf.dir/src/Core/Src/gpio.c.obj
 .debug_macro   0x00001172      0x1df CMakeFiles/SpeedyBeeF405V3.elf.dir/src/Core/Src/gpio.c.obj
 .debug_macro   0x00001351       0x1c CMakeFiles/SpeedyBeeF405V3.elf.dir/src/Core/Src/gpio.c.obj
 .debug_macro   0x0000136d       0x22 CMakeFiles/SpeedyBeeF405V3.elf.dir/src/Core/Src/gpio.c.obj
 .debug_macro   0x0000138f       0xd9 CMakeFiles/SpeedyBeeF405V3.elf.dir/src/Core/Src/gpio.c.obj
 .debug_macro   0x00001468     0x102d CMakeFiles/SpeedyBeeF405V3.elf.dir/src/Core/Src/gpio.c.obj
 .debug_macro   0x00002495      0x11f CMakeFiles/SpeedyBeeF405V3.elf.dir/src/Core/Src/gpio.c.obj
 .debug_macro   0x000025b4    0x14251 CMakeFiles/SpeedyBeeF405V3.elf.dir/src/Core/Src/gpio.c.obj
 .debug_macro   0x00016805       0x43 CMakeFiles/SpeedyBeeF405V3.elf.dir/src/Core/Src/gpio.c.obj
 .debug_macro   0x00016848     0x3659 CMakeFiles/SpeedyBeeF405V3.elf.dir/src/Core/Src/gpio.c.obj
 .debug_macro   0x00019ea1      0x174 CMakeFiles/SpeedyBeeF405V3.elf.dir/src/Core/Src/gpio.c.obj
 .debug_macro   0x0001a015       0x5a CMakeFiles/SpeedyBeeF405V3.elf.dir/src/Core/Src/gpio.c.obj
 .debug_macro   0x0001a06f      0x8a7 CMakeFiles/SpeedyBeeF405V3.elf.dir/src/Core/Src/gpio.c.obj
 .debug_macro   0x0001a916      0x9fe CMakeFiles/SpeedyBeeF405V3.elf.dir/src/Core/Src/gpio.c.obj
 .debug_macro   0x0001b314      0x117 CMakeFiles/SpeedyBeeF405V3.elf.dir/src/Core/Src/gpio.c.obj
 .debug_macro   0x0001b42b      0x130 CMakeFiles/SpeedyBeeF405V3.elf.dir/src/Core/Src/gpio.c.obj
 .debug_macro   0x0001b55b       0x27 CMakeFiles/SpeedyBeeF405V3.elf.dir/src/Core/Src/gpio.c.obj
 .debug_macro   0x0001b582      0x174 CMakeFiles/SpeedyBeeF405V3.elf.dir/src/Core/Src/gpio.c.obj
 .debug_macro   0x0001b6f6      0x287 CMakeFiles/SpeedyBeeF405V3.elf.dir/src/Core/Src/gpio.c.obj
 .debug_macro   0x0001b97d       0x5f CMakeFiles/SpeedyBeeF405V3.elf.dir/src/Core/Src/gpio.c.obj
 .debug_macro   0x0001b9dc      0x236 CMakeFiles/SpeedyBeeF405V3.elf.dir/src/Core/Src/gpio.c.obj
 .debug_macro   0x0001bc12      0x12c CMakeFiles/SpeedyBeeF405V3.elf.dir/src/Core/Src/gpio.c.obj
 .debug_macro   0x0001bd3e      0x21e CMakeFiles/SpeedyBeeF405V3.elf.dir/src/Core/Src/gpio.c.obj
 .debug_macro   0x0001bf5c       0x2e CMakeFiles/SpeedyBeeF405V3.elf.dir/src/Core/Src/gpio.c.obj
 .debug_macro   0x0001bf8a      0x11a CMakeFiles/SpeedyBeeF405V3.elf.dir/src/Core/Src/gpio.c.obj
 .debug_macro   0x0001c0a4       0x7e CMakeFiles/SpeedyBeeF405V3.elf.dir/src/Core/Src/gpio.c.obj
 .debug_macro   0x0001c122       0x89 CMakeFiles/SpeedyBeeF405V3.elf.dir/src/Core/Src/gpio.c.obj
 .debug_macro   0x0001c1ab      0x12d CMakeFiles/SpeedyBeeF405V3.elf.dir/src/Core/Src/gpio.c.obj
 .debug_macro   0x0001c2d8      0x1c3 CMakeFiles/SpeedyBeeF405V3.elf.dir/src/Core/Src/main.c.obj
 .debug_macro   0x0001c49b      0x1b5 CMakeFiles/SpeedyBeeF405V3.elf.dir/src/Core/Src/stm32f4xx_hal_msp.c.obj
 .debug_macro   0x0001c650      0x1bf CMakeFiles/SpeedyBeeF405V3.elf.dir/src/Core/Src/stm32f4xx_it.c.obj
 .debug_macro   0x0001c80f       0xe0 CMakeFiles/SpeedyBeeF405V3.elf.dir/src/Core/Src/system_stm32f4xx.c.obj
 .debug_macro   0x0001c8ef      0x20b CMakeFiles/SpeedyBeeF405V3.elf.dir/src/Drivers/STM32F4xx_HAL_Driver/Src/stm32f4xx_hal.c.obj
 .debug_macro   0x0001cafa      0x1ab CMakeFiles/SpeedyBeeF405V3.elf.dir/src/Drivers/STM32F4xx_HAL_Driver/Src/stm32f4xx_hal_cortex.c.obj
 .debug_macro   0x0001cca5      0x1e1 CMakeFiles/SpeedyBeeF405V3.elf.dir/src/Drivers/STM32F4xx_HAL_Driver/Src/stm32f4xx_hal_gpio.c.obj
 .debug_macro   0x0001ce86      0x1cf CMakeFiles/SpeedyBeeF405V3.elf.dir/src/Drivers/STM32F4xx_HAL_Driver/Src/stm32f4xx_hal_rcc.c.obj

.debug_line     0x00000000     0x48e1
 .debug_line    0x00000000      0x607 CMakeFiles/SpeedyBeeF405V3.elf.dir/src/Core/Src/gpio.c.obj
 .debug_line    0x00000607      0x67f CMakeFiles/SpeedyBeeF405V3.elf.dir/src/Core/Src/main.c.obj
 .debug_line    0x00000c86      0x5f9 CMakeFiles/SpeedyBeeF405V3.elf.dir/src/Core/Src/stm32f4xx_hal_msp.c.obj
 .debug_line    0x0000127f      0x6bb CMakeFiles/SpeedyBeeF405V3.elf.dir/src/Core/Src/stm32f4xx_it.c.obj
 .debug_line    0x0000193a      0x3d1 CMakeFiles/SpeedyBeeF405V3.elf.dir/src/Core/Src/system_stm32f4xx.c.obj
 .debug_line    0x00001d0b      0x8e0 CMakeFiles/SpeedyBeeF405V3.elf.dir/src/Drivers/STM32F4xx_HAL_Driver/Src/stm32f4xx_hal.c.obj
 .debug_line    0x000025eb      0xb8f CMakeFiles/SpeedyBeeF405V3.elf.dir/src/Drivers/STM32F4xx_HAL_Driver/Src/stm32f4xx_hal_cortex.c.obj
 .debug_line    0x0000317a      0xa68 CMakeFiles/SpeedyBeeF405V3.elf.dir/src/Drivers/STM32F4xx_HAL_Driver/Src/stm32f4xx_hal_gpio.c.obj
 .debug_line    0x00003be2      0xc45 CMakeFiles/SpeedyBeeF405V3.elf.dir/src/Drivers/STM32F4xx_HAL_Driver/Src/stm32f4xx_hal_rcc.c.obj
 .debug_line    0x00004827       0xba CMakeFiles/SpeedyBeeF405V3.elf.dir/src/Core/Startup/startup_stm32f405rgtx.s.obj

.debug_str      0x00000000    0xb0b02
 .debug_str     0x00000000    0xaf275 CMakeFiles/SpeedyBeeF405V3.elf.dir/src/Core/Src/gpio.c.obj
                              0xaf4e8 (size before relaxing)
 .debug_str     0x000af275      0x1c1 CMakeFiles/SpeedyBeeF405V3.elf.dir/src/Core/Src/main.c.obj
                              0xaf60a (size before relaxing)
 .debug_str     0x000af436       0x61 CMakeFiles/SpeedyBeeF405V3.elf.dir/src/Core/Src/stm32f4xx_hal_msp.c.obj
                              0xaf44b (size before relaxing)
 .debug_str     0x000af497       0xf2 CMakeFiles/SpeedyBeeF405V3.elf.dir/src/Core/Src/stm32f4xx_it.c.obj
                              0xaf3c5 (size before relaxing)
 .debug_str     0x000af589      0x163 CMakeFiles/SpeedyBeeF405V3.elf.dir/src/Core/Src/system_stm32f4xx.c.obj
                              0x7dcc1 (size before relaxing)
 .debug_str     0x000af6ec      0xaf3 CMakeFiles/SpeedyBeeF405V3.elf.dir/src/Drivers/STM32F4xx_HAL_Driver/Src/stm32f4xx_hal.c.obj
                              0xb000f (size before relaxing)
 .debug_str     0x000b01df      0x3e9 CMakeFiles/SpeedyBeeF405V3.elf.dir/src/Drivers/STM32F4xx_HAL_Driver/Src/stm32f4xx_hal_cortex.c.obj
                              0xafd91 (size before relaxing)
 .debug_str     0x000b05c8      0x241 CMakeFiles/SpeedyBeeF405V3.elf.dir/src/Drivers/STM32F4xx_HAL_Driver/Src/stm32f4xx_hal_gpio.c.obj
                              0xaf723 (size before relaxing)
 .debug_str     0x000b0809      0x28e CMakeFiles/SpeedyBeeF405V3.elf.dir/src/Drivers/STM32F4xx_HAL_Driver/Src/stm32f4xx_hal_rcc.c.obj
                              0xaf908 (size before relaxing)
 .debug_str     0x000b0a97       0x6b CMakeFiles/SpeedyBeeF405V3.elf.dir/src/Core/Startup/startup_stm32f405rgtx.s.obj
                                 0xa5 (size before relaxing)

.comment        0x00000000       0x49
 .comment       0x00000000       0x49 CMakeFiles/SpeedyBeeF405V3.elf.dir/src/Core/Src/gpio.c.obj
                                 0x4a (size before relaxing)
 .comment       0x00000049       0x4a CMakeFiles/SpeedyBeeF405V3.elf.dir/src/Core/Src/main.c.obj
 .comment       0x00000049       0x4a CMakeFiles/SpeedyBeeF405V3.elf.dir/src/Core/Src/stm32f4xx_hal_msp.c.obj
 .comment       0x00000049       0x4a CMakeFiles/SpeedyBeeF405V3.elf.dir/src/Core/Src/stm32f4xx_it.c.obj
 .comment       0x00000049       0x4a CMakeFiles/SpeedyBeeF405V3.elf.dir/src/Core/Src/system_stm32f4xx.c.obj
 .comment       0x00000049       0x4a CMakeFiles/SpeedyBeeF405V3.elf.dir/src/Drivers/STM32F4xx_HAL_Driver/Src/stm32f4xx_hal.c.obj
 .comment       0x00000049       0x4a CMakeFiles/SpeedyBeeF405V3.elf.dir/src/Drivers/STM32F4xx_HAL_Driver/Src/stm32f4xx_hal_cortex.c.obj
 .comment       0x00000049       0x4a CMakeFiles/SpeedyBeeF405V3.elf.dir/src/Drivers/STM32F4xx_HAL_Driver/Src/stm32f4xx_hal_gpio.c.obj
 .comment       0x00000049       0x4a CMakeFiles/SpeedyBeeF405V3.elf.dir/src/Drivers/STM32F4xx_HAL_Driver/Src/stm32f4xx_hal_rcc.c.obj

Cross Reference Table

Symbol                                            File
ADC_IRQHandler                                    CMakeFiles/SpeedyBeeF405V3.elf.dir/src/Core/Startup/startup_stm32f405rgtx.s.obj
AHBPrescTable                                     CMakeFiles/SpeedyBeeF405V3.elf.dir/src/Core/Src/system_stm32f4xx.c.obj
                                                  CMakeFiles/SpeedyBeeF405V3.elf.dir/src/Drivers/STM32F4xx_HAL_Driver/Src/stm32f4xx_hal_rcc.c.obj
APBPrescTable                                     CMakeFiles/SpeedyBeeF405V3.elf.dir/src/Core/Src/system_stm32f4xx.c.obj
                                                  CMakeFiles/SpeedyBeeF405V3.elf.dir/src/Drivers/STM32F4xx_HAL_Driver/Src/stm32f4xx_hal_rcc.c.obj
BusFault_Handler                                  CMakeFiles/SpeedyBeeF405V3.elf.dir/src/Core/Src/stm32f4xx_it.c.obj
CAN1_RX0_IRQHandler                               CMakeFiles/SpeedyBeeF405V3.elf.dir/src/Core/Startup/startup_stm32f405rgtx.s.obj
CAN1_RX1_IRQHandler                               CMakeFiles/SpeedyBeeF405V3.elf.dir/src/Core/Startup/startup_stm32f405rgtx.s.obj
CAN1_SCE_IRQHandler                               CMakeFiles/SpeedyBeeF405V3.elf.dir/src/Core/Startup/startup_stm32f405rgtx.s.obj
CAN1_TX_IRQHandler                                CMakeFiles/SpeedyBeeF405V3.elf.dir/src/Core/Startup/startup_stm32f405rgtx.s.obj
CAN2_RX0_IRQHandler                               CMakeFiles/SpeedyBeeF405V3.elf.dir/src/Core/Startup/startup_stm32f405rgtx.s.obj
CAN2_RX1_IRQHandler                               CMakeFiles/SpeedyBeeF405V3.elf.dir/src/Core/Startup/startup_stm32f405rgtx.s.obj
CAN2_SCE_IRQHandler                               CMakeFiles/SpeedyBeeF405V3.elf.dir/src/Core/Startup/startup_stm32f405rgtx.s.obj
CAN2_TX_IRQHandler                                CMakeFiles/SpeedyBeeF405V3.elf.dir/src/Core/Startup/startup_stm32f405rgtx.s.obj
DMA1_Stream0_IRQHandler                           CMakeFiles/SpeedyBeeF405V3.elf.dir/src/Core/Startup/startup_stm32f405rgtx.s.obj
DMA1_Stream1_IRQHandler                           CMakeFiles/SpeedyBeeF405V3.elf.dir/src/Core/Startup/startup_stm32f405rgtx.s.obj
DMA1_Stream2_IRQHandler                           CMakeFiles/SpeedyBeeF405V3.elf.dir/src/Core/Startup/startup_stm32f405rgtx.s.obj
DMA1_Stream3_IRQHandler                           CMakeFiles/SpeedyBeeF405V3.elf.dir/src/Core/Startup/startup_stm32f405rgtx.s.obj
DMA1_Stream4_IRQHandler                           CMakeFiles/SpeedyBeeF405V3.elf.dir/src/Core/Startup/startup_stm32f405rgtx.s.obj
DMA1_Stream5_IRQHandler                           CMakeFiles/SpeedyBeeF405V3.elf.dir/src/Core/Startup/startup_stm32f405rgtx.s.obj
DMA1_Stream6_IRQHandler                           CMakeFiles/SpeedyBeeF405V3.elf.dir/src/Core/Startup/startup_stm32f405rgtx.s.obj
DMA1_Stream7_IRQHandler                           CMakeFiles/SpeedyBeeF405V3.elf.dir/src/Core/Startup/startup_stm32f405rgtx.s.obj
DMA2_Stream0_IRQHandler                           CMakeFiles/SpeedyBeeF405V3.elf.dir/src/Core/Startup/startup_stm32f405rgtx.s.obj
DMA2_Stream1_IRQHandler                           CMakeFiles/SpeedyBeeF405V3.elf.dir/src/Core/Startup/startup_stm32f405rgtx.s.obj
DMA2_Stream2_IRQHandler                           CMakeFiles/SpeedyBeeF405V3.elf.dir/src/Core/Startup/startup_stm32f405rgtx.s.obj
DMA2_Stream3_IRQHandler                           CMakeFiles/SpeedyBeeF405V3.elf.dir/src/Core/Startup/startup_stm32f405rgtx.s.obj
DMA2_Stream4_IRQHandler                           CMakeFiles/SpeedyBeeF405V3.elf.dir/src/Core/Startup/startup_stm32f405rgtx.s.obj
DMA2_Stream5_IRQHandler                           CMakeFiles/SpeedyBeeF405V3.elf.dir/src/Core/Startup/startup_stm32f405rgtx.s.obj
DMA2_Stream6_IRQHandler                           CMakeFiles/SpeedyBeeF405V3.elf.dir/src/Core/Startup/startup_stm32f405rgtx.s.obj
DMA2_Stream7_IRQHandler                           CMakeFiles/SpeedyBeeF405V3.elf.dir/src/Core/Startup/startup_stm32f405rgtx.s.obj
DebugMon_Handler                                  CMakeFiles/SpeedyBeeF405V3.elf.dir/src/Core/Src/stm32f4xx_it.c.obj
Default_Handler                                   CMakeFiles/SpeedyBeeF405V3.elf.dir/src/Core/Startup/startup_stm32f405rgtx.s.obj
EXTI0_IRQHandler                                  CMakeFiles/SpeedyBeeF405V3.elf.dir/src/Core/Startup/startup_stm32f405rgtx.s.obj
EXTI15_10_IRQHandler                              CMakeFiles/SpeedyBeeF405V3.elf.dir/src/Core/Startup/startup_stm32f405rgtx.s.obj
EXTI1_IRQHandler                                  CMakeFiles/SpeedyBeeF405V3.elf.dir/src/Core/Startup/startup_stm32f405rgtx.s.obj
EXTI2_IRQHandler                                  CMakeFiles/SpeedyBeeF405V3.elf.dir/src/Core/Startup/startup_stm32f405rgtx.s.obj
EXTI3_IRQHandler                                  CMakeFiles/SpeedyBeeF405V3.elf.dir/src/Core/Startup/startup_stm32f405rgtx.s.obj
EXTI4_IRQHandler                                  CMakeFiles/SpeedyBeeF405V3.elf.dir/src/Core/Startup/startup_stm32f405rgtx.s.obj
EXTI9_5_IRQHandler                                CMakeFiles/SpeedyBeeF405V3.elf.dir/src/Core/Startup/startup_stm32f405rgtx.s.obj
Error_Handler                                     CMakeFiles/SpeedyBeeF405V3.elf.dir/src/Core/Src/main.c.obj
FLASH_Erase_Sector                                CMakeFiles/SpeedyBeeF405V3.elf.dir/src/Drivers/STM32F4xx_HAL_Driver/Src/stm32f4xx_hal_flash_ex.c.obj
                                                  CMakeFiles/SpeedyBeeF405V3.elf.dir/src/Drivers/STM32F4xx_HAL_Driver/Src/stm32f4xx_hal_flash.c.obj
FLASH_FlushCaches                                 CMakeFiles/SpeedyBeeF405V3.elf.dir/src/Drivers/STM32F4xx_HAL_Driver/Src/stm32f4xx_hal_flash_ex.c.obj
                                                  CMakeFiles/SpeedyBeeF405V3.elf.dir/src/Drivers/STM32F4xx_HAL_Driver/Src/stm32f4xx_hal_flash.c.obj
FLASH_IRQHandler                                  CMakeFiles/SpeedyBeeF405V3.elf.dir/src/Core/Startup/startup_stm32f405rgtx.s.obj
FLASH_WaitForLastOperation                        CMakeFiles/SpeedyBeeF405V3.elf.dir/src/Drivers/STM32F4xx_HAL_Driver/Src/stm32f4xx_hal_flash.c.obj
                                                  CMakeFiles/SpeedyBeeF405V3.elf.dir/src/Drivers/STM32F4xx_HAL_Driver/Src/stm32f4xx_hal_flash_ex.c.obj
FPU_IRQHandler                                    CMakeFiles/SpeedyBeeF405V3.elf.dir/src/Core/Startup/startup_stm32f405rgtx.s.obj
FSMC_IRQHandler                                   CMakeFiles/SpeedyBeeF405V3.elf.dir/src/Core/Startup/startup_stm32f405rgtx.s.obj
HAL_DBGMCU_DisableDBGSleepMode                    CMakeFiles/SpeedyBeeF405V3.elf.dir/src/Drivers/STM32F4xx_HAL_Driver/Src/stm32f4xx_hal.c.obj
HAL_DBGMCU_DisableDBGStandbyMode                  CMakeFiles/SpeedyBeeF405V3.elf.dir/src/Drivers/STM32F4xx_HAL_Driver/Src/stm32f4xx_hal.c.obj
HAL_DBGMCU_DisableDBGStopMode                     CMakeFiles/SpeedyBeeF405V3.elf.dir/src/Drivers/STM32F4xx_HAL_Driver/Src/stm32f4xx_hal.c.obj
HAL_DBGMCU_EnableDBGSleepMode                     CMakeFiles/SpeedyBeeF405V3.elf.dir/src/Drivers/STM32F4xx_HAL_Driver/Src/stm32f4xx_hal.c.obj
HAL_DBGMCU_EnableDBGStandbyMode                   CMakeFiles/SpeedyBeeF405V3.elf.dir/src/Drivers/STM32F4xx_HAL_Driver/Src/stm32f4xx_hal.c.obj
HAL_DBGMCU_EnableDBGStopMode                      CMakeFiles/SpeedyBeeF405V3.elf.dir/src/Drivers/STM32F4xx_HAL_Driver/Src/stm32f4xx_hal.c.obj
HAL_DMAEx_ChangeMemory                            CMakeFiles/SpeedyBeeF405V3.elf.dir/src/Drivers/STM32F4xx_HAL_Driver/Src/stm32f4xx_hal_dma_ex.c.obj
HAL_DMAEx_MultiBufferStart                        CMakeFiles/SpeedyBeeF405V3.elf.dir/src/Drivers/STM32F4xx_HAL_Driver/Src/stm32f4xx_hal_dma_ex.c.obj
HAL_DMAEx_MultiBufferStart_IT                     CMakeFiles/SpeedyBeeF405V3.elf.dir/src/Drivers/STM32F4xx_HAL_Driver/Src/stm32f4xx_hal_dma_ex.c.obj
HAL_DMA_Abort                                     CMakeFiles/SpeedyBeeF405V3.elf.dir/src/Drivers/STM32F4xx_HAL_Driver/Src/stm32f4xx_hal_dma.c.obj
HAL_DMA_Abort_IT                                  CMakeFiles/SpeedyBeeF405V3.elf.dir/src/Drivers/STM32F4xx_HAL_Driver/Src/stm32f4xx_hal_dma.c.obj
HAL_DMA_DeInit                                    CMakeFiles/SpeedyBeeF405V3.elf.dir/src/Drivers/STM32F4xx_HAL_Driver/Src/stm32f4xx_hal_dma.c.obj
HAL_DMA_GetError                                  CMakeFiles/SpeedyBeeF405V3.elf.dir/src/Drivers/STM32F4xx_HAL_Driver/Src/stm32f4xx_hal_dma.c.obj
HAL_DMA_GetState                                  CMakeFiles/SpeedyBeeF405V3.elf.dir/src/Drivers/STM32F4xx_HAL_Driver/Src/stm32f4xx_hal_dma.c.obj
HAL_DMA_IRQHandler                                CMakeFiles/SpeedyBeeF405V3.elf.dir/src/Drivers/STM32F4xx_HAL_Driver/Src/stm32f4xx_hal_dma.c.obj
HAL_DMA_Init                                      CMakeFiles/SpeedyBeeF405V3.elf.dir/src/Drivers/STM32F4xx_HAL_Driver/Src/stm32f4xx_hal_dma.c.obj
HAL_DMA_PollForTransfer                           CMakeFiles/SpeedyBeeF405V3.elf.dir/src/Drivers/STM32F4xx_HAL_Driver/Src/stm32f4xx_hal_dma.c.obj
HAL_DMA_RegisterCallback                          CMakeFiles/SpeedyBeeF405V3.elf.dir/src/Drivers/STM32F4xx_HAL_Driver/Src/stm32f4xx_hal_dma.c.obj
HAL_DMA_Start                                     CMakeFiles/SpeedyBeeF405V3.elf.dir/src/Drivers/STM32F4xx_HAL_Driver/Src/stm32f4xx_hal_dma.c.obj
HAL_DMA_Start_IT                                  CMakeFiles/SpeedyBeeF405V3.elf.dir/src/Drivers/STM32F4xx_HAL_Driver/Src/stm32f4xx_hal_dma.c.obj
HAL_DMA_UnRegisterCallback                        CMakeFiles/SpeedyBeeF405V3.elf.dir/src/Drivers/STM32F4xx_HAL_Driver/Src/stm32f4xx_hal_dma.c.obj
HAL_DeInit                                        CMakeFiles/SpeedyBeeF405V3.elf.dir/src/Drivers/STM32F4xx_HAL_Driver/Src/stm32f4xx_hal.c.obj
HAL_Delay                                         CMakeFiles/SpeedyBeeF405V3.elf.dir/src/Drivers/STM32F4xx_HAL_Driver/Src/stm32f4xx_hal.c.obj
                                                  CMakeFiles/SpeedyBeeF405V3.elf.dir/src/Core/Src/main.c.obj
HAL_DisableCompensationCell                       CMakeFiles/SpeedyBeeF405V3.elf.dir/src/Drivers/STM32F4xx_HAL_Driver/Src/stm32f4xx_hal.c.obj
HAL_EXTI_ClearConfigLine                          CMakeFiles/SpeedyBeeF405V3.elf.dir/src/Drivers/STM32F4xx_HAL_Driver/Src/stm32f4xx_hal_exti.c.obj
HAL_EXTI_ClearPending                             CMakeFiles/SpeedyBeeF405V3.elf.dir/src/Drivers/STM32F4xx_HAL_Driver/Src/stm32f4xx_hal_exti.c.obj
HAL_EXTI_GenerateSWI                              CMakeFiles/SpeedyBeeF405V3.elf.dir/src/Drivers/STM32F4xx_HAL_Driver/Src/stm32f4xx_hal_exti.c.obj
HAL_EXTI_GetConfigLine                            CMakeFiles/SpeedyBeeF405V3.elf.dir/src/Drivers/STM32F4xx_HAL_Driver/Src/stm32f4xx_hal_exti.c.obj
HAL_EXTI_GetHandle                                CMakeFiles/SpeedyBeeF405V3.elf.dir/src/Drivers/STM32F4xx_HAL_Driver/Src/stm32f4xx_hal_exti.c.obj
HAL_EXTI_GetPending                               CMakeFiles/SpeedyBeeF405V3.elf.dir/src/Drivers/STM32F4xx_HAL_Driver/Src/stm32f4xx_hal_exti.c.obj
HAL_EXTI_IRQHandler                               CMakeFiles/SpeedyBeeF405V3.elf.dir/src/Drivers/STM32F4xx_HAL_Driver/Src/stm32f4xx_hal_exti.c.obj
HAL_EXTI_RegisterCallback                         CMakeFiles/SpeedyBeeF405V3.elf.dir/src/Drivers/STM32F4xx_HAL_Driver/Src/stm32f4xx_hal_exti.c.obj
HAL_EXTI_SetConfigLine                            CMakeFiles/SpeedyBeeF405V3.elf.dir/src/Drivers/STM32F4xx_HAL_Driver/Src/stm32f4xx_hal_exti.c.obj
HAL_EnableCompensationCell                        CMakeFiles/SpeedyBeeF405V3.elf.dir/src/Drivers/STM32F4xx_HAL_Driver/Src/stm32f4xx_hal.c.obj
HAL_FLASHEx_Erase                                 CMakeFiles/SpeedyBeeF405V3.elf.dir/src/Drivers/STM32F4xx_HAL_Driver/Src/stm32f4xx_hal_flash_ex.c.obj
HAL_FLASHEx_Erase_IT                              CMakeFiles/SpeedyBeeF405V3.elf.dir/src/Drivers/STM32F4xx_HAL_Driver/Src/stm32f4xx_hal_flash_ex.c.obj
HAL_FLASHEx_OBGetConfig                           CMakeFiles/SpeedyBeeF405V3.elf.dir/src/Drivers/STM32F4xx_HAL_Driver/Src/stm32f4xx_hal_flash_ex.c.obj
HAL_FLASHEx_OBProgram                             CMakeFiles/SpeedyBeeF405V3.elf.dir/src/Drivers/STM32F4xx_HAL_Driver/Src/stm32f4xx_hal_flash_ex.c.obj
HAL_FLASH_EndOfOperationCallback                  CMakeFiles/SpeedyBeeF405V3.elf.dir/src/Drivers/STM32F4xx_HAL_Driver/Src/stm32f4xx_hal_flash.c.obj
HAL_FLASH_GetError                                CMakeFiles/SpeedyBeeF405V3.elf.dir/src/Drivers/STM32F4xx_HAL_Driver/Src/stm32f4xx_hal_flash.c.obj
HAL_FLASH_IRQHandler                              CMakeFiles/SpeedyBeeF405V3.elf.dir/src/Drivers/STM32F4xx_HAL_Driver/Src/stm32f4xx_hal_flash.c.obj
HAL_FLASH_Lock                                    CMakeFiles/SpeedyBeeF405V3.elf.dir/src/Drivers/STM32F4xx_HAL_Driver/Src/stm32f4xx_hal_flash.c.obj
HAL_FLASH_OB_Launch                               CMakeFiles/SpeedyBeeF405V3.elf.dir/src/Drivers/STM32F4xx_HAL_Driver/Src/stm32f4xx_hal_flash.c.obj
HAL_FLASH_OB_Lock                                 CMakeFiles/SpeedyBeeF405V3.elf.dir/src/Drivers/STM32F4xx_HAL_Driver/Src/stm32f4xx_hal_flash.c.obj
HAL_FLASH_OB_Unlock                               CMakeFiles/SpeedyBeeF405V3.elf.dir/src/Drivers/STM32F4xx_HAL_Driver/Src/stm32f4xx_hal_flash.c.obj
HAL_FLASH_OperationErrorCallback                  CMakeFiles/SpeedyBeeF405V3.elf.dir/src/Drivers/STM32F4xx_HAL_Driver/Src/stm32f4xx_hal_flash.c.obj
HAL_FLASH_Program                                 CMakeFiles/SpeedyBeeF405V3.elf.dir/src/Drivers/STM32F4xx_HAL_Driver/Src/stm32f4xx_hal_flash.c.obj
HAL_FLASH_Program_IT                              CMakeFiles/SpeedyBeeF405V3.elf.dir/src/Drivers/STM32F4xx_HAL_Driver/Src/stm32f4xx_hal_flash.c.obj
HAL_FLASH_Unlock                                  CMakeFiles/SpeedyBeeF405V3.elf.dir/src/Drivers/STM32F4xx_HAL_Driver/Src/stm32f4xx_hal_flash.c.obj
HAL_GPIO_DeInit                                   CMakeFiles/SpeedyBeeF405V3.elf.dir/src/Drivers/STM32F4xx_HAL_Driver/Src/stm32f4xx_hal_gpio.c.obj
HAL_GPIO_EXTI_Callback                            CMakeFiles/SpeedyBeeF405V3.elf.dir/src/Drivers/STM32F4xx_HAL_Driver/Src/stm32f4xx_hal_gpio.c.obj
HAL_GPIO_EXTI_IRQHandler                          CMakeFiles/SpeedyBeeF405V3.elf.dir/src/Drivers/STM32F4xx_HAL_Driver/Src/stm32f4xx_hal_gpio.c.obj
HAL_GPIO_Init                                     CMakeFiles/SpeedyBeeF405V3.elf.dir/src/Drivers/STM32F4xx_HAL_Driver/Src/stm32f4xx_hal_gpio.c.obj
                                                  CMakeFiles/SpeedyBeeF405V3.elf.dir/src/Drivers/STM32F4xx_HAL_Driver/Src/stm32f4xx_hal_rcc.c.obj
                                                  CMakeFiles/SpeedyBeeF405V3.elf.dir/src/Core/Src/gpio.c.obj
HAL_GPIO_LockPin                                  CMakeFiles/SpeedyBeeF405V3.elf.dir/src/Drivers/STM32F4xx_HAL_Driver/Src/stm32f4xx_hal_gpio.c.obj
HAL_GPIO_ReadPin                                  CMakeFiles/SpeedyBeeF405V3.elf.dir/src/Drivers/STM32F4xx_HAL_Driver/Src/stm32f4xx_hal_gpio.c.obj
HAL_GPIO_TogglePin                                CMakeFiles/SpeedyBeeF405V3.elf.dir/src/Drivers/STM32F4xx_HAL_Driver/Src/stm32f4xx_hal_gpio.c.obj
                                                  CMakeFiles/SpeedyBeeF405V3.elf.dir/src/Core/Src/main.c.obj
HAL_GPIO_WritePin                                 CMakeFiles/SpeedyBeeF405V3.elf.dir/src/Drivers/STM32F4xx_HAL_Driver/Src/stm32f4xx_hal_gpio.c.obj
                                                  CMakeFiles/SpeedyBeeF405V3.elf.dir/src/Core/Src/gpio.c.obj
HAL_GetDEVID                                      CMakeFiles/SpeedyBeeF405V3.elf.dir/src/Drivers/STM32F4xx_HAL_Driver/Src/stm32f4xx_hal.c.obj
HAL_GetHalVersion                                 CMakeFiles/SpeedyBeeF405V3.elf.dir/src/Drivers/STM32F4xx_HAL_Driver/Src/stm32f4xx_hal.c.obj
HAL_GetREVID                                      CMakeFiles/SpeedyBeeF405V3.elf.dir/src/Drivers/STM32F4xx_HAL_Driver/Src/stm32f4xx_hal.c.obj
HAL_GetTick                                       CMakeFiles/SpeedyBeeF405V3.elf.dir/src/Drivers/STM32F4xx_HAL_Driver/Src/stm32f4xx_hal.c.obj
                                                  CMakeFiles/SpeedyBeeF405V3.elf.dir/src/Drivers/STM32F4xx_HAL_Driver/Src/stm32f4xx_hal_rcc_ex.c.obj
                                                  CMakeFiles/SpeedyBeeF405V3.elf.dir/src/Drivers/STM32F4xx_HAL_Driver/Src/stm32f4xx_hal_rcc.c.obj
                                                  CMakeFiles/SpeedyBeeF405V3.elf.dir/src/Drivers/STM32F4xx_HAL_Driver/Src/stm32f4xx_hal_pwr_ex.c.obj
                                                  CMakeFiles/SpeedyBeeF405V3.elf.dir/src/Drivers/STM32F4xx_HAL_Driver/Src/stm32f4xx_hal_flash.c.obj
                                                  CMakeFiles/SpeedyBeeF405V3.elf.dir/src/Drivers/STM32F4xx_HAL_Driver/Src/stm32f4xx_hal_dma.c.obj
HAL_GetTickFreq                                   CMakeFiles/SpeedyBeeF405V3.elf.dir/src/Drivers/STM32F4xx_HAL_Driver/Src/stm32f4xx_hal.c.obj
HAL_GetTickPrio                                   CMakeFiles/SpeedyBeeF405V3.elf.dir/src/Drivers/STM32F4xx_HAL_Driver/Src/stm32f4xx_hal.c.obj
HAL_GetUIDw0                                      CMakeFiles/SpeedyBeeF405V3.elf.dir/src/Drivers/STM32F4xx_HAL_Driver/Src/stm32f4xx_hal.c.obj
HAL_GetUIDw1                                      CMakeFiles/SpeedyBeeF405V3.elf.dir/src/Drivers/STM32F4xx_HAL_Driver/Src/stm32f4xx_hal.c.obj
HAL_GetUIDw2                                      CMakeFiles/SpeedyBeeF405V3.elf.dir/src/Drivers/STM32F4xx_HAL_Driver/Src/stm32f4xx_hal.c.obj
HAL_IncTick                                       CMakeFiles/SpeedyBeeF405V3.elf.dir/src/Drivers/STM32F4xx_HAL_Driver/Src/stm32f4xx_hal.c.obj
                                                  CMakeFiles/SpeedyBeeF405V3.elf.dir/src/Core/Src/stm32f4xx_it.c.obj
HAL_Init                                          CMakeFiles/SpeedyBeeF405V3.elf.dir/src/Drivers/STM32F4xx_HAL_Driver/Src/stm32f4xx_hal.c.obj
                                                  CMakeFiles/SpeedyBeeF405V3.elf.dir/src/Core/Src/main.c.obj
HAL_InitTick                                      CMakeFiles/SpeedyBeeF405V3.elf.dir/src/Drivers/STM32F4xx_HAL_Driver/Src/stm32f4xx_hal.c.obj
                                                  CMakeFiles/SpeedyBeeF405V3.elf.dir/src/Drivers/STM32F4xx_HAL_Driver/Src/stm32f4xx_hal_rcc_ex.c.obj
                                                  CMakeFiles/SpeedyBeeF405V3.elf.dir/src/Drivers/STM32F4xx_HAL_Driver/Src/stm32f4xx_hal_rcc.c.obj
HAL_MPU_ConfigRegion                              CMakeFiles/SpeedyBeeF405V3.elf.dir/src/Drivers/STM32F4xx_HAL_Driver/Src/stm32f4xx_hal_cortex.c.obj
HAL_MPU_Disable                                   CMakeFiles/SpeedyBeeF405V3.elf.dir/src/Drivers/STM32F4xx_HAL_Driver/Src/stm32f4xx_hal_cortex.c.obj
HAL_MPU_Enable                                    CMakeFiles/SpeedyBeeF405V3.elf.dir/src/Drivers/STM32F4xx_HAL_Driver/Src/stm32f4xx_hal_cortex.c.obj
HAL_MspDeInit                                     CMakeFiles/SpeedyBeeF405V3.elf.dir/src/Drivers/STM32F4xx_HAL_Driver/Src/stm32f4xx_hal.c.obj
HAL_MspInit                                       CMakeFiles/SpeedyBeeF405V3.elf.dir/src/Core/Src/stm32f4xx_hal_msp.c.obj
HAL_NVIC_ClearPendingIRQ                          CMakeFiles/SpeedyBeeF405V3.elf.dir/src/Drivers/STM32F4xx_HAL_Driver/Src/stm32f4xx_hal_cortex.c.obj
HAL_NVIC_DisableIRQ                               CMakeFiles/SpeedyBeeF405V3.elf.dir/src/Drivers/STM32F4xx_HAL_Driver/Src/stm32f4xx_hal_cortex.c.obj
HAL_NVIC_EnableIRQ                                CMakeFiles/SpeedyBeeF405V3.elf.dir/src/Drivers/STM32F4xx_HAL_Driver/Src/stm32f4xx_hal_cortex.c.obj
HAL_NVIC_GetActive                                CMakeFiles/SpeedyBeeF405V3.elf.dir/src/Drivers/STM32F4xx_HAL_Driver/Src/stm32f4xx_hal_cortex.c.obj
HAL_NVIC_GetPendingIRQ                            CMakeFiles/SpeedyBeeF405V3.elf.dir/src/Drivers/STM32F4xx_HAL_Driver/Src/stm32f4xx_hal_cortex.c.obj
HAL_NVIC_GetPriority                              CMakeFiles/SpeedyBeeF405V3.elf.dir/src/Drivers/STM32F4xx_HAL_Driver/Src/stm32f4xx_hal_cortex.c.obj
HAL_NVIC_GetPriorityGrouping                      CMakeFiles/SpeedyBeeF405V3.elf.dir/src/Drivers/STM32F4xx_HAL_Driver/Src/stm32f4xx_hal_cortex.c.obj
HAL_NVIC_SetPendingIRQ                            CMakeFiles/SpeedyBeeF405V3.elf.dir/src/Drivers/STM32F4xx_HAL_Driver/Src/stm32f4xx_hal_cortex.c.obj
HAL_NVIC_SetPriority                              CMakeFiles/SpeedyBeeF405V3.elf.dir/src/Drivers/STM32F4xx_HAL_Driver/Src/stm32f4xx_hal_cortex.c.obj
                                                  CMakeFiles/SpeedyBeeF405V3.elf.dir/src/Drivers/STM32F4xx_HAL_Driver/Src/stm32f4xx_hal.c.obj
HAL_NVIC_SetPriorityGrouping                      CMakeFiles/SpeedyBeeF405V3.elf.dir/src/Drivers/STM32F4xx_HAL_Driver/Src/stm32f4xx_hal_cortex.c.obj
                                                  CMakeFiles/SpeedyBeeF405V3.elf.dir/src/Drivers/STM32F4xx_HAL_Driver/Src/stm32f4xx_hal.c.obj
HAL_NVIC_SystemReset                              CMakeFiles/SpeedyBeeF405V3.elf.dir/src/Drivers/STM32F4xx_HAL_Driver/Src/stm32f4xx_hal_cortex.c.obj
HAL_PWREx_ControlVoltageScaling                   CMakeFiles/SpeedyBeeF405V3.elf.dir/src/Drivers/STM32F4xx_HAL_Driver/Src/stm32f4xx_hal_pwr_ex.c.obj
HAL_PWREx_DisableBkUpReg                          CMakeFiles/SpeedyBeeF405V3.elf.dir/src/Drivers/STM32F4xx_HAL_Driver/Src/stm32f4xx_hal_pwr_ex.c.obj
HAL_PWREx_DisableFlashPowerDown                   CMakeFiles/SpeedyBeeF405V3.elf.dir/src/Drivers/STM32F4xx_HAL_Driver/Src/stm32f4xx_hal_pwr_ex.c.obj
HAL_PWREx_EnableBkUpReg                           CMakeFiles/SpeedyBeeF405V3.elf.dir/src/Drivers/STM32F4xx_HAL_Driver/Src/stm32f4xx_hal_pwr_ex.c.obj
HAL_PWREx_EnableFlashPowerDown                    CMakeFiles/SpeedyBeeF405V3.elf.dir/src/Drivers/STM32F4xx_HAL_Driver/Src/stm32f4xx_hal_pwr_ex.c.obj
HAL_PWREx_GetVoltageRange                         CMakeFiles/SpeedyBeeF405V3.elf.dir/src/Drivers/STM32F4xx_HAL_Driver/Src/stm32f4xx_hal_pwr_ex.c.obj
HAL_PWR_ConfigPVD                                 CMakeFiles/SpeedyBeeF405V3.elf.dir/src/Drivers/STM32F4xx_HAL_Driver/Src/stm32f4xx_hal_pwr.c.obj
HAL_PWR_DeInit                                    CMakeFiles/SpeedyBeeF405V3.elf.dir/src/Drivers/STM32F4xx_HAL_Driver/Src/stm32f4xx_hal_pwr.c.obj
HAL_PWR_DisableBkUpAccess                         CMakeFiles/SpeedyBeeF405V3.elf.dir/src/Drivers/STM32F4xx_HAL_Driver/Src/stm32f4xx_hal_pwr.c.obj
HAL_PWR_DisablePVD                                CMakeFiles/SpeedyBeeF405V3.elf.dir/src/Drivers/STM32F4xx_HAL_Driver/Src/stm32f4xx_hal_pwr.c.obj
HAL_PWR_DisableSEVOnPend                          CMakeFiles/SpeedyBeeF405V3.elf.dir/src/Drivers/STM32F4xx_HAL_Driver/Src/stm32f4xx_hal_pwr.c.obj
HAL_PWR_DisableSleepOnExit                        CMakeFiles/SpeedyBeeF405V3.elf.dir/src/Drivers/STM32F4xx_HAL_Driver/Src/stm32f4xx_hal_pwr.c.obj
HAL_PWR_DisableWakeUpPin                          CMakeFiles/SpeedyBeeF405V3.elf.dir/src/Drivers/STM32F4xx_HAL_Driver/Src/stm32f4xx_hal_pwr.c.obj
HAL_PWR_EnableBkUpAccess                          CMakeFiles/SpeedyBeeF405V3.elf.dir/src/Drivers/STM32F4xx_HAL_Driver/Src/stm32f4xx_hal_pwr.c.obj
HAL_PWR_EnablePVD                                 CMakeFiles/SpeedyBeeF405V3.elf.dir/src/Drivers/STM32F4xx_HAL_Driver/Src/stm32f4xx_hal_pwr.c.obj
HAL_PWR_EnableSEVOnPend                           CMakeFiles/SpeedyBeeF405V3.elf.dir/src/Drivers/STM32F4xx_HAL_Driver/Src/stm32f4xx_hal_pwr.c.obj
HAL_PWR_EnableSleepOnExit                         CMakeFiles/SpeedyBeeF405V3.elf.dir/src/Drivers/STM32F4xx_HAL_Driver/Src/stm32f4xx_hal_pwr.c.obj
HAL_PWR_EnableWakeUpPin                           CMakeFiles/SpeedyBeeF405V3.elf.dir/src/Drivers/STM32F4xx_HAL_Driver/Src/stm32f4xx_hal_pwr.c.obj
HAL_PWR_EnterSLEEPMode                            CMakeFiles/SpeedyBeeF405V3.elf.dir/src/Drivers/STM32F4xx_HAL_Driver/Src/stm32f4xx_hal_pwr.c.obj
HAL_PWR_EnterSTANDBYMode                          CMakeFiles/SpeedyBeeF405V3.elf.dir/src/Drivers/STM32F4xx_HAL_Driver/Src/stm32f4xx_hal_pwr.c.obj
HAL_PWR_EnterSTOPMode                             CMakeFiles/SpeedyBeeF405V3.elf.dir/src/Drivers/STM32F4xx_HAL_Driver/Src/stm32f4xx_hal_pwr.c.obj
HAL_PWR_PVDCallback                               CMakeFiles/SpeedyBeeF405V3.elf.dir/src/Drivers/STM32F4xx_HAL_Driver/Src/stm32f4xx_hal_pwr.c.obj
HAL_PWR_PVD_IRQHandler                            CMakeFiles/SpeedyBeeF405V3.elf.dir/src/Drivers/STM32F4xx_HAL_Driver/Src/stm32f4xx_hal_pwr.c.obj
HAL_RCCEx_DisablePLLI2S                           CMakeFiles/SpeedyBeeF405V3.elf.dir/src/Drivers/STM32F4xx_HAL_Driver/Src/stm32f4xx_hal_rcc_ex.c.obj
HAL_RCCEx_EnablePLLI2S                            CMakeFiles/SpeedyBeeF405V3.elf.dir/src/Drivers/STM32F4xx_HAL_Driver/Src/stm32f4xx_hal_rcc_ex.c.obj
HAL_RCCEx_GetPeriphCLKConfig                      CMakeFiles/SpeedyBeeF405V3.elf.dir/src/Drivers/STM32F4xx_HAL_Driver/Src/stm32f4xx_hal_rcc_ex.c.obj
HAL_RCCEx_GetPeriphCLKFreq                        CMakeFiles/SpeedyBeeF405V3.elf.dir/src/Drivers/STM32F4xx_HAL_Driver/Src/stm32f4xx_hal_rcc_ex.c.obj
HAL_RCCEx_PeriphCLKConfig                         CMakeFiles/SpeedyBeeF405V3.elf.dir/src/Drivers/STM32F4xx_HAL_Driver/Src/stm32f4xx_hal_rcc_ex.c.obj
HAL_RCC_CSSCallback                               CMakeFiles/SpeedyBeeF405V3.elf.dir/src/Drivers/STM32F4xx_HAL_Driver/Src/stm32f4xx_hal_rcc.c.obj
HAL_RCC_ClockConfig                               CMakeFiles/SpeedyBeeF405V3.elf.dir/src/Drivers/STM32F4xx_HAL_Driver/Src/stm32f4xx_hal_rcc.c.obj
                                                  CMakeFiles/SpeedyBeeF405V3.elf.dir/src/Core/Src/main.c.obj
HAL_RCC_DeInit                                    CMakeFiles/SpeedyBeeF405V3.elf.dir/src/Drivers/STM32F4xx_HAL_Driver/Src/stm32f4xx_hal_rcc_ex.c.obj
                                                  CMakeFiles/SpeedyBeeF405V3.elf.dir/src/Drivers/STM32F4xx_HAL_Driver/Src/stm32f4xx_hal_rcc.c.obj
HAL_RCC_DisableCSS                                CMakeFiles/SpeedyBeeF405V3.elf.dir/src/Drivers/STM32F4xx_HAL_Driver/Src/stm32f4xx_hal_rcc.c.obj
HAL_RCC_EnableCSS                                 CMakeFiles/SpeedyBeeF405V3.elf.dir/src/Drivers/STM32F4xx_HAL_Driver/Src/stm32f4xx_hal_rcc.c.obj
HAL_RCC_GetClockConfig                            CMakeFiles/SpeedyBeeF405V3.elf.dir/src/Drivers/STM32F4xx_HAL_Driver/Src/stm32f4xx_hal_rcc.c.obj
HAL_RCC_GetHCLKFreq                               CMakeFiles/SpeedyBeeF405V3.elf.dir/src/Drivers/STM32F4xx_HAL_Driver/Src/stm32f4xx_hal_rcc.c.obj
HAL_RCC_GetOscConfig                              CMakeFiles/SpeedyBeeF405V3.elf.dir/src/Drivers/STM32F4xx_HAL_Driver/Src/stm32f4xx_hal_rcc.c.obj
HAL_RCC_GetPCLK1Freq                              CMakeFiles/SpeedyBeeF405V3.elf.dir/src/Drivers/STM32F4xx_HAL_Driver/Src/stm32f4xx_hal_rcc.c.obj
HAL_RCC_GetPCLK2Freq                              CMakeFiles/SpeedyBeeF405V3.elf.dir/src/Drivers/STM32F4xx_HAL_Driver/Src/stm32f4xx_hal_rcc.c.obj
HAL_RCC_GetSysClockFreq                           CMakeFiles/SpeedyBeeF405V3.elf.dir/src/Drivers/STM32F4xx_HAL_Driver/Src/stm32f4xx_hal_rcc.c.obj
HAL_RCC_MCOConfig                                 CMakeFiles/SpeedyBeeF405V3.elf.dir/src/Drivers/STM32F4xx_HAL_Driver/Src/stm32f4xx_hal_rcc.c.obj
HAL_RCC_NMI_IRQHandler                            CMakeFiles/SpeedyBeeF405V3.elf.dir/src/Drivers/STM32F4xx_HAL_Driver/Src/stm32f4xx_hal_rcc.c.obj
HAL_RCC_OscConfig                                 CMakeFiles/SpeedyBeeF405V3.elf.dir/src/Drivers/STM32F4xx_HAL_Driver/Src/stm32f4xx_hal_rcc.c.obj
                                                  CMakeFiles/SpeedyBeeF405V3.elf.dir/src/Core/Src/main.c.obj
HAL_ResumeTick                                    CMakeFiles/SpeedyBeeF405V3.elf.dir/src/Drivers/STM32F4xx_HAL_Driver/Src/stm32f4xx_hal.c.obj
HAL_SYSTICK_CLKSourceConfig                       CMakeFiles/SpeedyBeeF405V3.elf.dir/src/Drivers/STM32F4xx_HAL_Driver/Src/stm32f4xx_hal_cortex.c.obj
HAL_SYSTICK_Callback                              CMakeFiles/SpeedyBeeF405V3.elf.dir/src/Drivers/STM32F4xx_HAL_Driver/Src/stm32f4xx_hal_cortex.c.obj
HAL_SYSTICK_Config                                CMakeFiles/SpeedyBeeF405V3.elf.dir/src/Drivers/STM32F4xx_HAL_Driver/Src/stm32f4xx_hal_cortex.c.obj
                                                  CMakeFiles/SpeedyBeeF405V3.elf.dir/src/Drivers/STM32F4xx_HAL_Driver/Src/stm32f4xx_hal.c.obj
HAL_SYSTICK_IRQHandler                            CMakeFiles/SpeedyBeeF405V3.elf.dir/src/Drivers/STM32F4xx_HAL_Driver/Src/stm32f4xx_hal_cortex.c.obj
HAL_SetTickFreq                                   CMakeFiles/SpeedyBeeF405V3.elf.dir/src/Drivers/STM32F4xx_HAL_Driver/Src/stm32f4xx_hal.c.obj
HAL_SuspendTick                                   CMakeFiles/SpeedyBeeF405V3.elf.dir/src/Drivers/STM32F4xx_HAL_Driver/Src/stm32f4xx_hal.c.obj
HASH_RNG_IRQHandler                               CMakeFiles/SpeedyBeeF405V3.elf.dir/src/Core/Startup/startup_stm32f405rgtx.s.obj
HardFault_Handler                                 CMakeFiles/SpeedyBeeF405V3.elf.dir/src/Core/Src/stm32f4xx_it.c.obj
I2C1_ER_IRQHandler                                CMakeFiles/SpeedyBeeF405V3.elf.dir/src/Core/Startup/startup_stm32f405rgtx.s.obj
I2C1_EV_IRQHandler                                CMakeFiles/SpeedyBeeF405V3.elf.dir/src/Core/Startup/startup_stm32f405rgtx.s.obj
I2C2_ER_IRQHandler                                CMakeFiles/SpeedyBeeF405V3.elf.dir/src/Core/Startup/startup_stm32f405rgtx.s.obj
I2C2_EV_IRQHandler                                CMakeFiles/SpeedyBeeF405V3.elf.dir/src/Core/Startup/startup_stm32f405rgtx.s.obj
I2C3_ER_IRQHandler                                CMakeFiles/SpeedyBeeF405V3.elf.dir/src/Core/Startup/startup_stm32f405rgtx.s.obj
I2C3_EV_IRQHandler                                CMakeFiles/SpeedyBeeF405V3.elf.dir/src/Core/Startup/startup_stm32f405rgtx.s.obj
MX_GPIO_Init                                      CMakeFiles/SpeedyBeeF405V3.elf.dir/src/Core/Src/gpio.c.obj
                                                  CMakeFiles/SpeedyBeeF405V3.elf.dir/src/Core/Src/main.c.obj
MemManage_Handler                                 CMakeFiles/SpeedyBeeF405V3.elf.dir/src/Core/Src/stm32f4xx_it.c.obj
NMI_Handler                                       CMakeFiles/SpeedyBeeF405V3.elf.dir/src/Core/Src/stm32f4xx_it.c.obj
OTG_FS_IRQHandler                                 CMakeFiles/SpeedyBeeF405V3.elf.dir/src/Core/Startup/startup_stm32f405rgtx.s.obj
OTG_FS_WKUP_IRQHandler                            CMakeFiles/SpeedyBeeF405V3.elf.dir/src/Core/Startup/startup_stm32f405rgtx.s.obj
OTG_HS_EP1_IN_IRQHandler                          CMakeFiles/SpeedyBeeF405V3.elf.dir/src/Core/Startup/startup_stm32f405rgtx.s.obj
OTG_HS_EP1_OUT_IRQHandler                         CMakeFiles/SpeedyBeeF405V3.elf.dir/src/Core/Startup/startup_stm32f405rgtx.s.obj
OTG_HS_IRQHandler                                 CMakeFiles/SpeedyBeeF405V3.elf.dir/src/Core/Startup/startup_stm32f405rgtx.s.obj
OTG_HS_WKUP_IRQHandler                            CMakeFiles/SpeedyBeeF405V3.elf.dir/src/Core/Startup/startup_stm32f405rgtx.s.obj
PVD_IRQHandler                                    CMakeFiles/SpeedyBeeF405V3.elf.dir/src/Core/Startup/startup_stm32f405rgtx.s.obj
PendSV_Handler                                    CMakeFiles/SpeedyBeeF405V3.elf.dir/src/Core/Src/stm32f4xx_it.c.obj
RCC_IRQHandler                                    CMakeFiles/SpeedyBeeF405V3.elf.dir/src/Core/Startup/startup_stm32f405rgtx.s.obj
RTC_Alarm_IRQHandler                              CMakeFiles/SpeedyBeeF405V3.elf.dir/src/Core/Startup/startup_stm32f405rgtx.s.obj
RTC_WKUP_IRQHandler                               CMakeFiles/SpeedyBeeF405V3.elf.dir/src/Core/Startup/startup_stm32f405rgtx.s.obj
Reset_Handler                                     CMakeFiles/SpeedyBeeF405V3.elf.dir/src/Core/Startup/startup_stm32f405rgtx.s.obj
SDIO_IRQHandler                                   CMakeFiles/SpeedyBeeF405V3.elf.dir/src/Core/Startup/startup_stm32f405rgtx.s.obj
SPI1_IRQHandler                                   CMakeFiles/SpeedyBeeF405V3.elf.dir/src/Core/Startup/startup_stm32f405rgtx.s.obj
SPI2_IRQHandler                                   CMakeFiles/SpeedyBeeF405V3.elf.dir/src/Core/Startup/startup_stm32f405rgtx.s.obj
SPI3_IRQHandler                                   CMakeFiles/SpeedyBeeF405V3.elf.dir/src/Core/Startup/startup_stm32f405rgtx.s.obj
SVC_Handler                                       CMakeFiles/SpeedyBeeF405V3.elf.dir/src/Core/Src/stm32f4xx_it.c.obj
SysTick_Handler                                   CMakeFiles/SpeedyBeeF405V3.elf.dir/src/Core/Src/stm32f4xx_it.c.obj
SystemClock_Config                                CMakeFiles/SpeedyBeeF405V3.elf.dir/src/Core/Src/main.c.obj
SystemCoreClock                                   CMakeFiles/SpeedyBeeF405V3.elf.dir/src/Core/Src/system_stm32f4xx.c.obj
                                                  CMakeFiles/SpeedyBeeF405V3.elf.dir/src/Drivers/STM32F4xx_HAL_Driver/Src/stm32f4xx_hal_rcc_ex.c.obj
                                                  CMakeFiles/SpeedyBeeF405V3.elf.dir/src/Drivers/STM32F4xx_HAL_Driver/Src/stm32f4xx_hal_rcc.c.obj
                                                  CMakeFiles/SpeedyBeeF405V3.elf.dir/src/Drivers/STM32F4xx_HAL_Driver/Src/stm32f4xx_hal_dma.c.obj
                                                  CMakeFiles/SpeedyBeeF405V3.elf.dir/src/Drivers/STM32F4xx_HAL_Driver/Src/stm32f4xx_hal.c.obj
SystemCoreClockUpdate                             CMakeFiles/SpeedyBeeF405V3.elf.dir/src/Core/Src/system_stm32f4xx.c.obj
SystemInit                                        CMakeFiles/SpeedyBeeF405V3.elf.dir/src/Core/Src/system_stm32f4xx.c.obj
                                                  CMakeFiles/SpeedyBeeF405V3.elf.dir/src/Core/Startup/startup_stm32f405rgtx.s.obj
TAMP_STAMP_IRQHandler                             CMakeFiles/SpeedyBeeF405V3.elf.dir/src/Core/Startup/startup_stm32f405rgtx.s.obj
TIM1_BRK_TIM9_IRQHandler                          CMakeFiles/SpeedyBeeF405V3.elf.dir/src/Core/Startup/startup_stm32f405rgtx.s.obj
TIM1_CC_IRQHandler                                CMakeFiles/SpeedyBeeF405V3.elf.dir/src/Core/Startup/startup_stm32f405rgtx.s.obj
TIM1_TRG_COM_TIM11_IRQHandler                     CMakeFiles/SpeedyBeeF405V3.elf.dir/src/Core/Startup/startup_stm32f405rgtx.s.obj
TIM1_UP_TIM10_IRQHandler                          CMakeFiles/SpeedyBeeF405V3.elf.dir/src/Core/Startup/startup_stm32f405rgtx.s.obj
TIM2_IRQHandler                                   CMakeFiles/SpeedyBeeF405V3.elf.dir/src/Core/Startup/startup_stm32f405rgtx.s.obj
TIM3_IRQHandler                                   CMakeFiles/SpeedyBeeF405V3.elf.dir/src/Core/Startup/startup_stm32f405rgtx.s.obj
TIM4_IRQHandler                                   CMakeFiles/SpeedyBeeF405V3.elf.dir/src/Core/Startup/startup_stm32f405rgtx.s.obj
TIM5_IRQHandler                                   CMakeFiles/SpeedyBeeF405V3.elf.dir/src/Core/Startup/startup_stm32f405rgtx.s.obj
TIM6_DAC_IRQHandler                               CMakeFiles/SpeedyBeeF405V3.elf.dir/src/Core/Startup/startup_stm32f405rgtx.s.obj
TIM7_IRQHandler                                   CMakeFiles/SpeedyBeeF405V3.elf.dir/src/Core/Startup/startup_stm32f405rgtx.s.obj
TIM8_BRK_TIM12_IRQHandler                         CMakeFiles/SpeedyBeeF405V3.elf.dir/src/Core/Startup/startup_stm32f405rgtx.s.obj
TIM8_CC_IRQHandler                                CMakeFiles/SpeedyBeeF405V3.elf.dir/src/Core/Startup/startup_stm32f405rgtx.s.obj
TIM8_TRG_COM_TIM14_IRQHandler                     CMakeFiles/SpeedyBeeF405V3.elf.dir/src/Core/Startup/startup_stm32f405rgtx.s.obj
TIM8_UP_TIM13_IRQHandler                          CMakeFiles/SpeedyBeeF405V3.elf.dir/src/Core/Startup/startup_stm32f405rgtx.s.obj
UART4_IRQHandler                                  CMakeFiles/SpeedyBeeF405V3.elf.dir/src/Core/Startup/startup_stm32f405rgtx.s.obj
UART5_IRQHandler                                  CMakeFiles/SpeedyBeeF405V3.elf.dir/src/Core/Startup/startup_stm32f405rgtx.s.obj
USART1_IRQHandler                                 CMakeFiles/SpeedyBeeF405V3.elf.dir/src/Core/Startup/startup_stm32f405rgtx.s.obj
USART2_IRQHandler                                 CMakeFiles/SpeedyBeeF405V3.elf.dir/src/Core/Startup/startup_stm32f405rgtx.s.obj
USART3_IRQHandler                                 CMakeFiles/SpeedyBeeF405V3.elf.dir/src/Core/Startup/startup_stm32f405rgtx.s.obj
USART6_IRQHandler                                 CMakeFiles/SpeedyBeeF405V3.elf.dir/src/Core/Startup/startup_stm32f405rgtx.s.obj
UsageFault_Handler                                CMakeFiles/SpeedyBeeF405V3.elf.dir/src/Core/Src/stm32f4xx_it.c.obj
WWDG_IRQHandler                                   CMakeFiles/SpeedyBeeF405V3.elf.dir/src/Core/Startup/startup_stm32f405rgtx.s.obj
_Min_Stack_Size                                   CMakeFiles/SpeedyBeeF405V3.elf.dir/src/Core/Src/sysmem.c.obj
__aeabi_idiv0                                     c:/tools/gcc-arm-none-eabi-10.3-2021.10/bin/../lib/gcc/arm-none-eabi/10.3.1/thumb/v7e-m/nofp\libgcc.a(_dvmd_tls.o)
__aeabi_ldiv0                                     c:/tools/gcc-arm-none-eabi-10.3-2021.10/bin/../lib/gcc/arm-none-eabi/10.3.1/thumb/v7e-m/nofp\libgcc.a(_dvmd_tls.o)
                                                  c:/tools/gcc-arm-none-eabi-10.3-2021.10/bin/../lib/gcc/arm-none-eabi/10.3.1/thumb/v7e-m/nofp\libgcc.a(_aeabi_uldivmod.o)
__aeabi_uldivmod                                  c:/tools/gcc-arm-none-eabi-10.3-2021.10/bin/../lib/gcc/arm-none-eabi/10.3.1/thumb/v7e-m/nofp\libgcc.a(_aeabi_uldivmod.o)
                                                  CMakeFiles/SpeedyBeeF405V3.elf.dir/src/Drivers/STM32F4xx_HAL_Driver/Src/stm32f4xx_hal_rcc.c.obj
__bss_end__                                       c:/tools/gcc-arm-none-eabi-10.3-2021.10/bin/../lib/gcc/arm-none-eabi/10.3.1/../../../../arm-none-eabi/lib/thumb/v7e-m/nofp/crt0.o
__bss_start__                                     c:/tools/gcc-arm-none-eabi-10.3-2021.10/bin/../lib/gcc/arm-none-eabi/10.3.1/../../../../arm-none-eabi/lib/thumb/v7e-m/nofp/crt0.o
__call_exitprocs                                  c:/tools/gcc-arm-none-eabi-10.3-2021.10/bin/../lib/gcc/arm-none-eabi/10.3.1/../../../../arm-none-eabi/lib/thumb/v7e-m/nofp\libc_nano.a(lib_a-exit.o)
__deregister_frame_info                           c:/tools/gcc-arm-none-eabi-10.3-2021.10/bin/../lib/gcc/arm-none-eabi/10.3.1/thumb/v7e-m/nofp/crtbegin.o
__dso_handle                                      c:/tools/gcc-arm-none-eabi-10.3-2021.10/bin/../lib/gcc/arm-none-eabi/10.3.1/thumb/v7e-m/nofp/crtbegin.o
__env                                             CMakeFiles/SpeedyBeeF405V3.elf.dir/src/Core/Src/syscalls.c.obj
__errno                                           c:/tools/gcc-arm-none-eabi-10.3-2021.10/bin/../lib/gcc/arm-none-eabi/10.3.1/../../../../arm-none-eabi/lib/thumb/v7e-m/nofp\libg_nano.a(lib_a-errno.o)
                                                  CMakeFiles/SpeedyBeeF405V3.elf.dir/src/Core/Src/sysmem.c.obj
                                                  CMakeFiles/SpeedyBeeF405V3.elf.dir/src/Core/Src/syscalls.c.obj
__init_array_end                                  c:/tools/gcc-arm-none-eabi-10.3-2021.10/bin/../lib/gcc/arm-none-eabi/10.3.1/../../../../arm-none-eabi/lib/thumb/v7e-m/nofp\libc_nano.a(lib_a-init.o)
__init_array_start                                c:/tools/gcc-arm-none-eabi-10.3-2021.10/bin/../lib/gcc/arm-none-eabi/10.3.1/../../../../arm-none-eabi/lib/thumb/v7e-m/nofp\libc_nano.a(lib_a-init.o)
__io_getchar                                      CMakeFiles/SpeedyBeeF405V3.elf.dir/src/Core/Src/syscalls.c.obj
__io_putchar                                      CMakeFiles/SpeedyBeeF405V3.elf.dir/src/Core/Src/syscalls.c.obj
__libc_fini_array                                 c:/tools/gcc-arm-none-eabi-10.3-2021.10/bin/../lib/gcc/arm-none-eabi/10.3.1/../../../../arm-none-eabi/lib/thumb/v7e-m/nofp/crt0.o
__libc_init_array                                 c:/tools/gcc-arm-none-eabi-10.3-2021.10/bin/../lib/gcc/arm-none-eabi/10.3.1/../../../../arm-none-eabi/lib/thumb/v7e-m/nofp\libc_nano.a(lib_a-init.o)
                                                  CMakeFiles/SpeedyBeeF405V3.elf.dir/src/Core/Startup/startup_stm32f405rgtx.s.obj
                                                  c:/tools/gcc-arm-none-eabi-10.3-2021.10/bin/../lib/gcc/arm-none-eabi/10.3.1/../../../../arm-none-eabi/lib/thumb/v7e-m/nofp/crt0.o
__preinit_array_end                               c:/tools/gcc-arm-none-eabi-10.3-2021.10/bin/../lib/gcc/arm-none-eabi/10.3.1/../../../../arm-none-eabi/lib/thumb/v7e-m/nofp\libc_nano.a(lib_a-init.o)
__preinit_array_start                             c:/tools/gcc-arm-none-eabi-10.3-2021.10/bin/../lib/gcc/arm-none-eabi/10.3.1/../../../../arm-none-eabi/lib/thumb/v7e-m/nofp\libc_nano.a(lib_a-init.o)
__register_frame_info                             c:/tools/gcc-arm-none-eabi-10.3-2021.10/bin/../lib/gcc/arm-none-eabi/10.3.1/thumb/v7e-m/nofp/crtbegin.o
__sf_fake_stderr                                  c:/tools/gcc-arm-none-eabi-10.3-2021.10/bin/../lib/gcc/arm-none-eabi/10.3.1/../../../../arm-none-eabi/lib/thumb/v7e-m/nofp\libc_nano.a(lib_a-impure.o)
__sf_fake_stdin                                   c:/tools/gcc-arm-none-eabi-10.3-2021.10/bin/../lib/gcc/arm-none-eabi/10.3.1/../../../../arm-none-eabi/lib/thumb/v7e-m/nofp\libc_nano.a(lib_a-impure.o)
__sf_fake_stdout                                  c:/tools/gcc-arm-none-eabi-10.3-2021.10/bin/../lib/gcc/arm-none-eabi/10.3.1/../../../../arm-none-eabi/lib/thumb/v7e-m/nofp\libc_nano.a(lib_a-impure.o)
__stack                                           c:/tools/gcc-arm-none-eabi-10.3-2021.10/bin/../lib/gcc/arm-none-eabi/10.3.1/../../../../arm-none-eabi/lib/thumb/v7e-m/nofp/crt0.o
__udivmoddi4                                      c:/tools/gcc-arm-none-eabi-10.3-2021.10/bin/../lib/gcc/arm-none-eabi/10.3.1/thumb/v7e-m/nofp\libgcc.a(_udivmoddi4.o)
                                                  c:/tools/gcc-arm-none-eabi-10.3-2021.10/bin/../lib/gcc/arm-none-eabi/10.3.1/thumb/v7e-m/nofp\libgcc.a(_aeabi_uldivmod.o)
_close                                            CMakeFiles/SpeedyBeeF405V3.elf.dir/src/Core/Src/syscalls.c.obj
_ebss                                             CMakeFiles/SpeedyBeeF405V3.elf.dir/src/Core/Startup/startup_stm32f405rgtx.s.obj
_edata                                            CMakeFiles/SpeedyBeeF405V3.elf.dir/src/Core/Startup/startup_stm32f405rgtx.s.obj
_end                                              CMakeFiles/SpeedyBeeF405V3.elf.dir/src/Core/Src/sysmem.c.obj
_estack                                           CMakeFiles/SpeedyBeeF405V3.elf.dir/src/Core/Startup/startup_stm32f405rgtx.s.obj
                                                  CMakeFiles/SpeedyBeeF405V3.elf.dir/src/Core/Src/sysmem.c.obj
_execve                                           CMakeFiles/SpeedyBeeF405V3.elf.dir/src/Core/Src/syscalls.c.obj
_exit                                             CMakeFiles/SpeedyBeeF405V3.elf.dir/src/Core/Src/syscalls.c.obj
                                                  c:/tools/gcc-arm-none-eabi-10.3-2021.10/bin/../lib/gcc/arm-none-eabi/10.3.1/../../../../arm-none-eabi/lib/thumb/v7e-m/nofp\libc_nano.a(lib_a-exit.o)
_fini                                             c:/tools/gcc-arm-none-eabi-10.3-2021.10/bin/../lib/gcc/arm-none-eabi/10.3.1/thumb/v7e-m/nofp/crti.o
_fork                                             CMakeFiles/SpeedyBeeF405V3.elf.dir/src/Core/Src/syscalls.c.obj
_fstat                                            CMakeFiles/SpeedyBeeF405V3.elf.dir/src/Core/Src/syscalls.c.obj
_getpid                                           CMakeFiles/SpeedyBeeF405V3.elf.dir/src/Core/Src/syscalls.c.obj
_global_impure_ptr                                c:/tools/gcc-arm-none-eabi-10.3-2021.10/bin/../lib/gcc/arm-none-eabi/10.3.1/../../../../arm-none-eabi/lib/thumb/v7e-m/nofp\libc_nano.a(lib_a-impure.o)
                                                  c:/tools/gcc-arm-none-eabi-10.3-2021.10/bin/../lib/gcc/arm-none-eabi/10.3.1/../../../../arm-none-eabi/lib/thumb/v7e-m/nofp\libc_nano.a(lib_a-exit.o)
_impure_ptr                                       c:/tools/gcc-arm-none-eabi-10.3-2021.10/bin/../lib/gcc/arm-none-eabi/10.3.1/../../../../arm-none-eabi/lib/thumb/v7e-m/nofp\libc_nano.a(lib_a-impure.o)
                                                  c:/tools/gcc-arm-none-eabi-10.3-2021.10/bin/../lib/gcc/arm-none-eabi/10.3.1/../../../../arm-none-eabi/lib/thumb/v7e-m/nofp\libg_nano.a(lib_a-errno.o)
_init                                             c:/tools/gcc-arm-none-eabi-10.3-2021.10/bin/../lib/gcc/arm-none-eabi/10.3.1/thumb/v7e-m/nofp/crti.o
                                                  c:/tools/gcc-arm-none-eabi-10.3-2021.10/bin/../lib/gcc/arm-none-eabi/10.3.1/../../../../arm-none-eabi/lib/thumb/v7e-m/nofp\libc_nano.a(lib_a-init.o)
_isatty                                           CMakeFiles/SpeedyBeeF405V3.elf.dir/src/Core/Src/syscalls.c.obj
_kill                                             CMakeFiles/SpeedyBeeF405V3.elf.dir/src/Core/Src/syscalls.c.obj
_link                                             CMakeFiles/SpeedyBeeF405V3.elf.dir/src/Core/Src/syscalls.c.obj
_lseek                                            CMakeFiles/SpeedyBeeF405V3.elf.dir/src/Core/Src/syscalls.c.obj
_mainCRTStartup                                   c:/tools/gcc-arm-none-eabi-10.3-2021.10/bin/../lib/gcc/arm-none-eabi/10.3.1/../../../../arm-none-eabi/lib/thumb/v7e-m/nofp/crt0.o
_open                                             CMakeFiles/SpeedyBeeF405V3.elf.dir/src/Core/Src/syscalls.c.obj
_read                                             CMakeFiles/SpeedyBeeF405V3.elf.dir/src/Core/Src/syscalls.c.obj
_sbrk                                             CMakeFiles/SpeedyBeeF405V3.elf.dir/src/Core/Src/sysmem.c.obj
_sbss                                             CMakeFiles/SpeedyBeeF405V3.elf.dir/src/Core/Startup/startup_stm32f405rgtx.s.obj
_sdata                                            CMakeFiles/SpeedyBeeF405V3.elf.dir/src/Core/Startup/startup_stm32f405rgtx.s.obj
_sidata                                           CMakeFiles/SpeedyBeeF405V3.elf.dir/src/Core/Startup/startup_stm32f405rgtx.s.obj
_stack_init                                       c:/tools/gcc-arm-none-eabi-10.3-2021.10/bin/../lib/gcc/arm-none-eabi/10.3.1/../../../../arm-none-eabi/lib/thumb/v7e-m/nofp/crt0.o
_start                                            c:/tools/gcc-arm-none-eabi-10.3-2021.10/bin/../lib/gcc/arm-none-eabi/10.3.1/../../../../arm-none-eabi/lib/thumb/v7e-m/nofp/crt0.o
_stat                                             CMakeFiles/SpeedyBeeF405V3.elf.dir/src/Core/Src/syscalls.c.obj
_times                                            CMakeFiles/SpeedyBeeF405V3.elf.dir/src/Core/Src/syscalls.c.obj
_unlink                                           CMakeFiles/SpeedyBeeF405V3.elf.dir/src/Core/Src/syscalls.c.obj
_wait                                             CMakeFiles/SpeedyBeeF405V3.elf.dir/src/Core/Src/syscalls.c.obj
_write                                            CMakeFiles/SpeedyBeeF405V3.elf.dir/src/Core/Src/syscalls.c.obj
atexit                                            c:/tools/gcc-arm-none-eabi-10.3-2021.10/bin/../lib/gcc/arm-none-eabi/10.3.1/../../../../arm-none-eabi/lib/thumb/v7e-m/nofp/crt0.o
environ                                           CMakeFiles/SpeedyBeeF405V3.elf.dir/src/Core/Src/syscalls.c.obj
exit                                              c:/tools/gcc-arm-none-eabi-10.3-2021.10/bin/../lib/gcc/arm-none-eabi/10.3.1/../../../../arm-none-eabi/lib/thumb/v7e-m/nofp\libc_nano.a(lib_a-exit.o)
                                                  c:/tools/gcc-arm-none-eabi-10.3-2021.10/bin/../lib/gcc/arm-none-eabi/10.3.1/../../../../arm-none-eabi/lib/thumb/v7e-m/nofp/crt0.o
g_pfnVectors                                      CMakeFiles/SpeedyBeeF405V3.elf.dir/src/Core/Startup/startup_stm32f405rgtx.s.obj
hardware_init_hook                                c:/tools/gcc-arm-none-eabi-10.3-2021.10/bin/../lib/gcc/arm-none-eabi/10.3.1/../../../../arm-none-eabi/lib/thumb/v7e-m/nofp/crt0.o
initialise_monitor_handles                        CMakeFiles/SpeedyBeeF405V3.elf.dir/src/Core/Src/syscalls.c.obj
main                                              CMakeFiles/SpeedyBeeF405V3.elf.dir/src/Core/Src/main.c.obj
                                                  CMakeFiles/SpeedyBeeF405V3.elf.dir/src/Core/Startup/startup_stm32f405rgtx.s.obj
                                                  c:/tools/gcc-arm-none-eabi-10.3-2021.10/bin/../lib/gcc/arm-none-eabi/10.3.1/../../../../arm-none-eabi/lib/thumb/v7e-m/nofp/crt0.o
memset                                            c:/tools/gcc-arm-none-eabi-10.3-2021.10/bin/../lib/gcc/arm-none-eabi/10.3.1/../../../../arm-none-eabi/lib/thumb/v7e-m/nofp\libc_nano.a(lib_a-memset.o)
                                                  CMakeFiles/SpeedyBeeF405V3.elf.dir/src/Core/Src/main.c.obj
                                                  c:/tools/gcc-arm-none-eabi-10.3-2021.10/bin/../lib/gcc/arm-none-eabi/10.3.1/../../../../arm-none-eabi/lib/thumb/v7e-m/nofp/crt0.o
pFlash                                            CMakeFiles/SpeedyBeeF405V3.elf.dir/src/Drivers/STM32F4xx_HAL_Driver/Src/stm32f4xx_hal_flash.c.obj
                                                  CMakeFiles/SpeedyBeeF405V3.elf.dir/src/Drivers/STM32F4xx_HAL_Driver/Src/stm32f4xx_hal_flash_ex.c.obj
software_init_hook                                c:/tools/gcc-arm-none-eabi-10.3-2021.10/bin/../lib/gcc/arm-none-eabi/10.3.1/../../../../arm-none-eabi/lib/thumb/v7e-m/nofp/crt0.o
uwTick                                            CMakeFiles/SpeedyBeeF405V3.elf.dir/src/Drivers/STM32F4xx_HAL_Driver/Src/stm32f4xx_hal.c.obj
uwTickFreq                                        CMakeFiles/SpeedyBeeF405V3.elf.dir/src/Drivers/STM32F4xx_HAL_Driver/Src/stm32f4xx_hal.c.obj
uwTickPrio                                        CMakeFiles/SpeedyBeeF405V3.elf.dir/src/Drivers/STM32F4xx_HAL_Driver/Src/stm32f4xx_hal.c.obj
                                                  CMakeFiles/SpeedyBeeF405V3.elf.dir/src/Drivers/STM32F4xx_HAL_Driver/Src/stm32f4xx_hal_rcc_ex.c.obj
                                                  CMakeFiles/SpeedyBeeF405V3.elf.dir/src/Drivers/STM32F4xx_HAL_Driver/Src/stm32f4xx_hal_rcc.c.obj